<?xml version="1.0" encoding="utf-8"?>
<TestRun id="5bf47343-f3fc-4298-b09b-0b41147d8da0" name="@josh-pc 2026-02-05 02:01:22" xmlns="http://microsoft.com/schemas/VisualStudio/TeamTest/2010">
  <Times creation="2026-02-05T02:01:22.3238013-08:00" queuing="2026-02-05T02:01:22.3238013-08:00" start="2026-02-05T02:01:21.6418617-08:00" finish="2026-02-05T02:01:23.3323266-08:00" />
  <TestSettings name="default" id="5af608b8-d42d-4184-acbb-e9058a74c4b0">
    <Deployment runDeploymentRoot="_josh-pc_2026-02-05_02_01_22" />
  </TestSettings>
  <Results>
    <UnitTestResult executionId="7f7fee10-33f0-4938-afdc-b1e54f1446f4" testId="db1d5202-477d-a697-aefa-ef824d9f0f15" testName="Pitbull.Tests.Unit.Architecture.ArchitectureTests.ProjectsModule_ShouldNot_DependOn_OtherModules" computerName="josh-pc" duration="00:00:00.4939837" startTime="2026-02-05T02:01:22.3550901-08:00" endTime="2026-02-05T02:01:22.8490108-08:00" testType="13cdc9d9-ddb5-4fa4-a97d-d965ccfc6d4b" outcome="Passed" testListId="8c84fa94-04c1-424b-9868-57a2d4851a1d" relativeResultsDirectory="7f7fee10-33f0-4938-afdc-b1e54f1446f4" />
    <UnitTestResult executionId="be21ed96-b1f1-4260-badd-afbb0e7d9121" testId="96be81cf-791b-b6f3-1d0e-bccdcb1870bb" testName="Pitbull.Tests.Unit.Handlers.CreateProjectHandlerTests.Handle_SetsCreatedAtTimestamp" computerName="josh-pc" duration="00:00:00.5278562" startTime="2026-02-05T02:01:22.0799150-08:00" endTime="2026-02-05T02:01:22.5925115-08:00" testType="13cdc9d9-ddb5-4fa4-a97d-d965ccfc6d4b" outcome="Passed" testListId="8c84fa94-04c1-424b-9868-57a2d4851a1d" relativeResultsDirectory="be21ed96-b1f1-4260-badd-afbb0e7d9121" />
    <UnitTestResult executionId="189896e6-bbe7-42e3-86ae-92819debca4a" testId="99a566f7-0777-9506-82f0-b87f68c1d080" testName="Pitbull.Tests.Unit.Handlers.ListProjectsHandlerTests.Handle_LastPage_ReturnsRemainingItems" computerName="josh-pc" duration="00:00:00.0012391" startTime="2026-02-05T02:01:22.6687176-08:00" endTime="2026-02-05T02:01:22.6698821-08:00" testType="13cdc9d9-ddb5-4fa4-a97d-d965ccfc6d4b" outcome="Passed" testListId="8c84fa94-04c1-424b-9868-57a2d4851a1d" relativeResultsDirectory="189896e6-bbe7-42e3-86ae-92819debca4a" />
    <UnitTestResult executionId="db75b621-85cf-4f0c-8ac1-e468d2c679b9" testId="caab68ff-9e1d-336d-eb8d-cd452683f25b" testName="Pitbull.Tests.Unit.Handlers.ListProjectsHandlerTests.Handle_SearchByName_ReturnsMatchingProjects" computerName="josh-pc" duration="00:00:00.0017146" startTime="2026-02-05T02:01:22.6794936-08:00" endTime="2026-02-05T02:01:22.6815045-08:00" testType="13cdc9d9-ddb5-4fa4-a97d-d965ccfc6d4b" outcome="Passed" testListId="8c84fa94-04c1-424b-9868-57a2d4851a1d" relativeResultsDirectory="db75b621-85cf-4f0c-8ac1-e468d2c679b9" />
    <UnitTestResult executionId="0478f3d7-7e3e-495a-8389-0d58ab7c9aca" testId="49deaf36-3632-930a-3fb3-9d0f6191d45a" testName="Pitbull.Tests.Unit.Handlers.ConvertBidToProjectHandlerTests.Handle_SubmittedBid_ReturnsInvalidStatusFailure" computerName="josh-pc" duration="00:00:00.0011680" startTime="2026-02-05T02:01:22.6556658-08:00" endTime="2026-02-05T02:01:22.6567553-08:00" testType="13cdc9d9-ddb5-4fa4-a97d-d965ccfc6d4b" outcome="Passed" testListId="8c84fa94-04c1-424b-9868-57a2d4851a1d" relativeResultsDirectory="0478f3d7-7e3e-495a-8389-0d58ab7c9aca" />
    <UnitTestResult executionId="ea693c18-223d-4dbe-830f-1d930dd8a472" testId="fea9e6f9-239d-915e-8014-397c7b3eb8fd" testName="Pitbull.Tests.Unit.Handlers.ListProjectsHandlerTests.Handle_PaginatesCorrectly_Page1" computerName="josh-pc" duration="00:00:00.0015937" startTime="2026-02-05T02:01:22.6675045-08:00" endTime="2026-02-05T02:01:22.6685871-08:00" testType="13cdc9d9-ddb5-4fa4-a97d-d965ccfc6d4b" outcome="Passed" testListId="8c84fa94-04c1-424b-9868-57a2d4851a1d" relativeResultsDirectory="ea693c18-223d-4dbe-830f-1d930dd8a472" />
    <UnitTestResult executionId="e153a2b4-160b-4225-a51f-c4bfa385efdb" testId="d6900adc-9454-a201-14cc-3fdc36a6fb9e" testName="Pitbull.Tests.Unit.Middleware.CorrelationIdMiddlewareTests.InvokeAsync_UsesIncomingCorrelationIdHeader_SetsResponseHeaderAndItems" computerName="josh-pc" duration="00:00:00.0008891" startTime="2026-02-05T02:01:22.0966319-08:00" endTime="2026-02-05T02:01:22.0967654-08:00" testType="13cdc9d9-ddb5-4fa4-a97d-d965ccfc6d4b" outcome="Passed" testListId="8c84fa94-04c1-424b-9868-57a2d4851a1d" relativeResultsDirectory="e153a2b4-160b-4225-a51f-c4bfa385efdb" />
    <UnitTestResult executionId="17d02587-eecf-467e-905a-5ab85a48f642" testId="bae82be9-17c8-793e-6ed9-2e80c8c2635a" testName="Pitbull.Tests.Unit.Middleware.ExceptionMiddlewareTests.InvokeAsync_WhenExceptionThrown_IncludesCorrelationIdInJsonResponse" computerName="josh-pc" duration="00:00:00.0787033" startTime="2026-02-05T02:01:22.0799347-08:00" endTime="2026-02-05T02:01:22.1432698-08:00" testType="13cdc9d9-ddb5-4fa4-a97d-d965ccfc6d4b" outcome="Passed" testListId="8c84fa94-04c1-424b-9868-57a2d4851a1d" relativeResultsDirectory="17d02587-eecf-467e-905a-5ab85a48f642" />
    <UnitTestResult executionId="ee8b2961-5ed9-4223-abda-2d58288625d3" testId="7bd6fc9f-bbce-6594-cc88-3077e4588503" testName="Pitbull.Tests.Unit.Architecture.ArchitectureTests.Commands_ShouldNot_Contain_DangerousProperties" computerName="josh-pc" duration="00:00:00.0582183" startTime="2026-02-05T02:01:22.1971645-08:00" endTime="2026-02-05T02:01:22.2552282-08:00" testType="13cdc9d9-ddb5-4fa4-a97d-d965ccfc6d4b" outcome="Passed" testListId="8c84fa94-04c1-424b-9868-57a2d4851a1d" relativeResultsDirectory="ee8b2961-5ed9-4223-abda-2d58288625d3" />
    <UnitTestResult executionId="7e33a59d-72af-4f10-aa82-31bde1eb6590" testId="72a24cd9-595d-5cb7-ae9d-f1203e5168b4" testName="Pitbull.Tests.Unit.Handlers.ListProjectsHandlerTests.Handle_FilterByStatus_ReturnsOnlyMatchingProjects" computerName="josh-pc" duration="00:00:00.0082373" startTime="2026-02-05T02:01:22.6508872-08:00" endTime="2026-02-05T02:01:22.6589979-08:00" testType="13cdc9d9-ddb5-4fa4-a97d-d965ccfc6d4b" outcome="Passed" testListId="8c84fa94-04c1-424b-9868-57a2d4851a1d" relativeResultsDirectory="7e33a59d-72af-4f10-aa82-31bde1eb6590" />
    <UnitTestResult executionId="af18425d-e05f-4297-8267-dd1f8051e0d3" testId="64974422-35b0-0661-a190-bf956cdbc5f8" testName="Pitbull.Tests.Unit.Handlers.CreateProjectHandlerTests.Handle_WithSourceBidId_LinksProjectToBid" computerName="josh-pc" duration="00:00:00.0043995" startTime="2026-02-05T02:01:22.5949454-08:00" endTime="2026-02-05T02:01:22.5992449-08:00" testType="13cdc9d9-ddb5-4fa4-a97d-d965ccfc6d4b" outcome="Passed" testListId="8c84fa94-04c1-424b-9868-57a2d4851a1d" relativeResultsDirectory="af18425d-e05f-4297-8267-dd1f8051e0d3" />
    <UnitTestResult executionId="1a158752-1a2c-4c27-ae96-28a918faf266" testId="31507441-aa41-4131-7cb6-19d37af78c48" testName="Pitbull.Tests.Unit.Architecture.ArchitectureTests.AuthController_ShouldNotHave_AuthorizeAttribute" computerName="josh-pc" duration="00:00:00.0049262" startTime="2026-02-05T02:01:22.3291306-08:00" endTime="2026-02-05T02:01:22.3339933-08:00" testType="13cdc9d9-ddb5-4fa4-a97d-d965ccfc6d4b" outcome="Passed" testListId="8c84fa94-04c1-424b-9868-57a2d4851a1d" relativeResultsDirectory="1a158752-1a2c-4c27-ae96-28a918faf266" />
    <UnitTestResult executionId="5b913b1c-d825-439f-97f3-7b5085c0c0fb" testId="1180872c-e6d0-54c7-7065-7d78399798c4" testName="Pitbull.Tests.Unit.Handlers.ConvertBidToProjectHandlerTests.Handle_WonBid_ConvertsToProjectSuccessfully" computerName="josh-pc" duration="00:00:00.5800961" startTime="2026-02-05T02:01:22.0798789-08:00" endTime="2026-02-05T02:01:22.6448183-08:00" testType="13cdc9d9-ddb5-4fa4-a97d-d965ccfc6d4b" outcome="Passed" testListId="8c84fa94-04c1-424b-9868-57a2d4851a1d" relativeResultsDirectory="5b913b1c-d825-439f-97f3-7b5085c0c0fb" />
    <UnitTestResult executionId="013f5767-29e3-4a2f-9c12-7919a9f078bb" testId="ac3da566-96a7-55f9-2df4-ec2c592ec752" testName="Pitbull.Tests.Unit.Architecture.ArchitectureTests.Controllers_ShouldAll_HaveAuthorizeAttribute" computerName="josh-pc" duration="00:00:00.0301004" startTime="2026-02-05T02:01:22.1668303-08:00" endTime="2026-02-05T02:01:22.1969074-08:00" testType="13cdc9d9-ddb5-4fa4-a97d-d965ccfc6d4b" outcome="Passed" testListId="8c84fa94-04c1-424b-9868-57a2d4851a1d" relativeResultsDirectory="013f5767-29e3-4a2f-9c12-7919a9f078bb" />
    <UnitTestResult executionId="3b7126fd-2bf0-4579-bbe4-31c0dfa8dd0b" testId="a552f606-ea0c-3079-6f66-a516f8259ab3" testName="Pitbull.Tests.Unit.Handlers.ListBidsHandlerTests.Handle_ReturnsPagedResults" computerName="josh-pc" duration="00:00:00.0015308" startTime="2026-02-05T02:01:22.6795079-08:00" endTime="2026-02-05T02:01:22.6809320-08:00" testType="13cdc9d9-ddb5-4fa4-a97d-d965ccfc6d4b" outcome="Passed" testListId="8c84fa94-04c1-424b-9868-57a2d4851a1d" relativeResultsDirectory="3b7126fd-2bf0-4579-bbe4-31c0dfa8dd0b" />
    <UnitTestResult executionId="e35a6c51-60c3-4de6-ad3d-76a1722ae605" testId="b5ce6be3-d6fd-7f1c-03e9-fed1e3171c31" testName="Pitbull.Tests.Unit.UnitTest1.Test1" computerName="josh-pc" duration="00:00:00.0030371" startTime="2026-02-05T02:01:22.0788296-08:00" endTime="2026-02-05T02:01:22.0819239-08:00" testType="13cdc9d9-ddb5-4fa4-a97d-d965ccfc6d4b" outcome="Passed" testListId="8c84fa94-04c1-424b-9868-57a2d4851a1d" relativeResultsDirectory="e35a6c51-60c3-4de6-ad3d-76a1722ae605" />
    <UnitTestResult executionId="040609d5-17df-4312-ad10-e5cc86bb7c4f" testId="0638b2f3-76c8-4084-c7ed-4889fefbe093" testName="Pitbull.Tests.Unit.Handlers.GetDashboardStatsHandlerTests.GetDashboardStatsQuery_IsParameterless" computerName="josh-pc" duration="00:00:00.0000665" startTime="2026-02-05T02:01:22.5898639-08:00" endTime="2026-02-05T02:01:22.5899164-08:00" testType="13cdc9d9-ddb5-4fa4-a97d-d965ccfc6d4b" outcome="Passed" testListId="8c84fa94-04c1-424b-9868-57a2d4851a1d" relativeResultsDirectory="040609d5-17df-4312-ad10-e5cc86bb7c4f" />
    <UnitTestResult executionId="7de80b96-6855-42b7-b67c-ce500f8ca386" testId="c4889b7d-5b15-267b-b21a-ae4f28e08849" testName="Pitbull.Tests.Unit.Handlers.ListProjectsHandlerTests.Handle_OrdersByCreatedAtDescending" computerName="josh-pc" duration="00:00:00.0016234" startTime="2026-02-05T02:01:22.6491577-08:00" endTime="2026-02-05T02:01:22.6507629-08:00" testType="13cdc9d9-ddb5-4fa4-a97d-d965ccfc6d4b" outcome="Passed" testListId="8c84fa94-04c1-424b-9868-57a2d4851a1d" relativeResultsDirectory="7de80b96-6855-42b7-b67c-ce500f8ca386" />
    <UnitTestResult executionId="1cbfd2ca-9f25-4cec-9c5b-b2d034aae11d" testId="27e725e5-e416-01e0-c3ca-a1c0168866f1" testName="Pitbull.Tests.Unit.Handlers.ListBidsHandlerTests.Handle_FilterByStatus_ReturnsOnlyMatchingBids" computerName="josh-pc" duration="00:00:00.0105842" startTime="2026-02-05T02:01:22.6827362-08:00" endTime="2026-02-05T02:01:22.6933315-08:00" testType="13cdc9d9-ddb5-4fa4-a97d-d965ccfc6d4b" outcome="Passed" testListId="8c84fa94-04c1-424b-9868-57a2d4851a1d" relativeResultsDirectory="1cbfd2ca-9f25-4cec-9c5b-b2d034aae11d" />
    <UnitTestResult executionId="2e6aa054-be6d-4156-8a84-56280170e161" testId="c824d590-37eb-df17-28a5-ef29fd5370ea" testName="Pitbull.Tests.Unit.Architecture.ArchitectureTests.Controllers_Should_OnlyDependOn_AllowedNamespaces" computerName="josh-pc" duration="00:00:00.0749031" startTime="2026-02-05T02:01:22.8761874-08:00" endTime="2026-02-05T02:01:22.9503821-08:00" testType="13cdc9d9-ddb5-4fa4-a97d-d965ccfc6d4b" outcome="Passed" testListId="8c84fa94-04c1-424b-9868-57a2d4851a1d" relativeResultsDirectory="2e6aa054-be6d-4156-8a84-56280170e161" />
    <UnitTestResult executionId="685bd6fc-ae39-4478-aed2-2e89bcaf5626" testId="8ca64358-5109-906f-4017-83303a4b60dd" testName="Pitbull.Tests.Unit.Handlers.ListProjectsHandlerTests.Handle_EmptyDatabase_ReturnsEmptyPage" computerName="josh-pc" duration="00:00:00.0009889" startTime="2026-02-05T02:01:22.6485839-08:00" endTime="2026-02-05T02:01:22.6490170-08:00" testType="13cdc9d9-ddb5-4fa4-a97d-d965ccfc6d4b" outcome="Passed" testListId="8c84fa94-04c1-424b-9868-57a2d4851a1d" relativeResultsDirectory="685bd6fc-ae39-4478-aed2-2e89bcaf5626" />
    <UnitTestResult executionId="81083d15-3e9e-48c0-b5db-bcef54d984b6" testId="aa2ad8c3-a095-708b-00e1-b90f5ae90100" testName="Pitbull.Tests.Unit.Handlers.ConvertBidToProjectHandlerTests.Handle_BidNotFound_ReturnsNotFoundFailure" computerName="josh-pc" duration="00:00:00.0021223" startTime="2026-02-05T02:01:22.6449448-08:00" endTime="2026-02-05T02:01:22.6469965-08:00" testType="13cdc9d9-ddb5-4fa4-a97d-d965ccfc6d4b" outcome="Passed" testListId="8c84fa94-04c1-424b-9868-57a2d4851a1d" relativeResultsDirectory="81083d15-3e9e-48c0-b5db-bcef54d984b6" />
    <UnitTestResult executionId="a0aa5971-5a83-42a3-b4ca-e7e99de1ca8b" testId="e6b99661-b5af-e771-ab66-e011de7904d7" testName="Pitbull.Tests.Unit.Architecture.ArchitectureTests.Handlers_Should_BeSealed" computerName="josh-pc" duration="00:00:00.0237630" startTime="2026-02-05T02:01:22.2553627-08:00" endTime="2026-02-05T02:01:22.2790798-08:00" testType="13cdc9d9-ddb5-4fa4-a97d-d965ccfc6d4b" outcome="Passed" testListId="8c84fa94-04c1-424b-9868-57a2d4851a1d" relativeResultsDirectory="a0aa5971-5a83-42a3-b4ca-e7e99de1ca8b" />
    <UnitTestResult executionId="198cd55a-e9e2-4fc8-9c22-7fbec0b3ff74" testId="e21af355-7dc2-39fd-019c-552b4197f241" testName="Pitbull.Tests.Unit.Handlers.ListBidsHandlerTests.Handle_Page3_ReturnsRemainingItems" computerName="josh-pc" duration="00:00:00.0011908" startTime="2026-02-05T02:01:22.6948990-08:00" endTime="2026-02-05T02:01:22.6960406-08:00" testType="13cdc9d9-ddb5-4fa4-a97d-d965ccfc6d4b" outcome="Passed" testListId="8c84fa94-04c1-424b-9868-57a2d4851a1d" relativeResultsDirectory="198cd55a-e9e2-4fc8-9c22-7fbec0b3ff74" />
    <UnitTestResult executionId="7f64ec6d-42d9-40b0-ab42-3fb41775d4a1" testId="e8b54f4b-b9a0-3a18-4793-935d03be5a62" testName="Pitbull.Tests.Unit.Handlers.ListProjectsHandlerTests.Handle_PaginatesCorrectly_Page2" computerName="josh-pc" duration="00:00:00.0078727" startTime="2026-02-05T02:01:22.6591090-08:00" endTime="2026-02-05T02:01:22.6669589-08:00" testType="13cdc9d9-ddb5-4fa4-a97d-d965ccfc6d4b" outcome="Passed" testListId="8c84fa94-04c1-424b-9868-57a2d4851a1d" relativeResultsDirectory="7f64ec6d-42d9-40b0-ab42-3fb41775d4a1" />
    <UnitTestResult executionId="94427cf5-88ac-4117-999c-ca22e6c8febd" testId="eecee652-9f05-113d-8310-07b2d772de3a" testName="Pitbull.Tests.Unit.Handlers.ListProjectsHandlerTests.Handle_SearchByClientName_ReturnsMatchingProjects" computerName="josh-pc" duration="00:00:00.0093752" startTime="2026-02-05T02:01:22.6699955-08:00" endTime="2026-02-05T02:01:22.6793234-08:00" testType="13cdc9d9-ddb5-4fa4-a97d-d965ccfc6d4b" outcome="Passed" testListId="8c84fa94-04c1-424b-9868-57a2d4851a1d" relativeResultsDirectory="94427cf5-88ac-4117-999c-ca22e6c8febd" />
    <UnitTestResult executionId="83259425-3ee4-4660-9e46-96046d956008" testId="1a623e1f-bd21-40bc-f305-ea24cb2e549c" testName="Pitbull.Tests.Unit.Architecture.ArchitectureTests.Queries_ShouldNot_Contain_DangerousProperties" computerName="josh-pc" duration="00:00:00.0260720" startTime="2026-02-05T02:01:22.2792096-08:00" endTime="2026-02-05T02:01:22.3052421-08:00" testType="13cdc9d9-ddb5-4fa4-a97d-d965ccfc6d4b" outcome="Passed" testListId="8c84fa94-04c1-424b-9868-57a2d4851a1d" relativeResultsDirectory="83259425-3ee4-4660-9e46-96046d956008" />
    <UnitTestResult executionId="356d23db-bd25-4467-88e9-8556688b971d" testId="5e1a960b-b9d6-00f7-3d20-bc744f918aaf" testName="Pitbull.Tests.Unit.Handlers.ConvertBidToProjectHandlerTests.Handle_AlreadyConvertedBid_ReturnsAlreadyConvertedFailure" computerName="josh-pc" duration="00:00:00.0008943" startTime="2026-02-05T02:01:22.6624823-08:00" endTime="2026-02-05T02:01:22.6633209-08:00" testType="13cdc9d9-ddb5-4fa4-a97d-d965ccfc6d4b" outcome="Passed" testListId="8c84fa94-04c1-424b-9868-57a2d4851a1d" relativeResultsDirectory="356d23db-bd25-4467-88e9-8556688b971d" />
    <UnitTestResult executionId="7a56b25a-5556-4409-8d77-ff15320a65cd" testId="9af72fa3-932a-972c-50eb-545a73b9b584" testName="Pitbull.Tests.Unit.Handlers.ListBidsHandlerTests.Handle_SearchByOwner_ReturnsMatchingBids" computerName="josh-pc" duration="00:00:00.5785158" startTime="2026-02-05T02:01:22.0800904-08:00" endTime="2026-02-05T02:01:22.6430117-08:00" testType="13cdc9d9-ddb5-4fa4-a97d-d965ccfc6d4b" outcome="Passed" testListId="8c84fa94-04c1-424b-9868-57a2d4851a1d" relativeResultsDirectory="7a56b25a-5556-4409-8d77-ff15320a65cd" />
    <UnitTestResult executionId="8f290e52-b2ca-42c6-9d7e-9cc4b280f584" testId="d615631a-4420-a20e-40f4-1272555711ec" testName="Pitbull.Tests.Unit.Handlers.CreateBidHandlerTests.Handle_SetsTenantIdFromContext" computerName="josh-pc" duration="00:00:00.0007370" startTime="2026-02-05T02:01:22.6727776-08:00" endTime="2026-02-05T02:01:22.6734668-08:00" testType="13cdc9d9-ddb5-4fa4-a97d-d965ccfc6d4b" outcome="Passed" testListId="8c84fa94-04c1-424b-9868-57a2d4851a1d" relativeResultsDirectory="8f290e52-b2ca-42c6-9d7e-9cc4b280f584" />
    <UnitTestResult executionId="0ce7967e-6618-4a2d-b540-117407982b66" testId="c382fe6a-6b11-feeb-e886-16eaf0a76e86" testName="Pitbull.Tests.Unit.Handlers.ConvertBidToProjectHandlerTests.Handle_WonBid_LinksBidToProject" computerName="josh-pc" duration="00:00:00.0055550" startTime="2026-02-05T02:01:22.6569104-08:00" endTime="2026-02-05T02:01:22.6623590-08:00" testType="13cdc9d9-ddb5-4fa4-a97d-d965ccfc6d4b" outcome="Passed" testListId="8c84fa94-04c1-424b-9868-57a2d4851a1d" relativeResultsDirectory="0ce7967e-6618-4a2d-b540-117407982b66" />
    <UnitTestResult executionId="97cc42bd-e184-4aa6-9908-b948eec16a22" testId="faf51d86-34ab-f464-265c-14d8cd8919e9" testName="Pitbull.Tests.Unit.Handlers.ConvertBidToProjectHandlerTests.Handle_WonBid_CreatesProjectWithCorrectFields" computerName="josh-pc" duration="00:00:00.0064925" startTime="2026-02-05T02:01:22.6485489-08:00" endTime="2026-02-05T02:01:22.6545071-08:00" testType="13cdc9d9-ddb5-4fa4-a97d-d965ccfc6d4b" outcome="Passed" testListId="8c84fa94-04c1-424b-9868-57a2d4851a1d" relativeResultsDirectory="97cc42bd-e184-4aa6-9908-b948eec16a22" />
    <UnitTestResult executionId="7899288e-9c00-4083-9342-60a281e57f91" testId="9a7bacc8-7f79-6fa6-b7f2-aa0972a1c6e6" testName="Pitbull.Tests.Unit.Handlers.ListBidsHandlerTests.Handle_EmptyDatabase_ReturnsEmptyPage" computerName="josh-pc" duration="00:00:00.0007092" startTime="2026-02-05T02:01:22.6814447-08:00" endTime="2026-02-05T02:01:22.6816992-08:00" testType="13cdc9d9-ddb5-4fa4-a97d-d965ccfc6d4b" outcome="Passed" testListId="8c84fa94-04c1-424b-9868-57a2d4851a1d" relativeResultsDirectory="7899288e-9c00-4083-9342-60a281e57f91" />
    <UnitTestResult executionId="ecac5385-94e9-44fe-8cc5-c708c96f760e" testId="0e74066a-b311-a5e8-b5f7-e0e2bf7a6350" testName="Pitbull.Tests.Unit.Architecture.ArchitectureTests.Controllers_Should_HaveCorrectNaming" computerName="josh-pc" duration="00:00:00.1047903" startTime="2026-02-05T02:01:22.0801412-08:00" endTime="2026-02-05T02:01:22.1666710-08:00" testType="13cdc9d9-ddb5-4fa4-a97d-d965ccfc6d4b" outcome="Passed" testListId="8c84fa94-04c1-424b-9868-57a2d4851a1d" relativeResultsDirectory="ecac5385-94e9-44fe-8cc5-c708c96f760e" />
    <UnitTestResult executionId="8485461c-7cc9-4501-82c4-3624e85c3a99" testId="080299ab-2a44-d71c-11ce-90e4cf1b0c8f" testName="Pitbull.Tests.Unit.Handlers.ListProjectsHandlerTests.Handle_FilterByType_ReturnsOnlyMatchingProjects" computerName="josh-pc" duration="00:00:00.0156730" startTime="2026-02-05T02:01:22.6323710-08:00" endTime="2026-02-05T02:01:22.6479616-08:00" testType="13cdc9d9-ddb5-4fa4-a97d-d965ccfc6d4b" outcome="Passed" testListId="8c84fa94-04c1-424b-9868-57a2d4851a1d" relativeResultsDirectory="8485461c-7cc9-4501-82c4-3624e85c3a99" />
    <UnitTestResult executionId="696cab24-9c4e-4e76-b62c-42e992599420" testId="62c00aec-8062-921d-ddeb-d2683765deb1" testName="Pitbull.Tests.Unit.Handlers.ListProjectsHandlerTests.Handle_ReturnsPagedResults" computerName="josh-pc" duration="00:00:00.5675753" startTime="2026-02-05T02:01:22.0801203-08:00" endTime="2026-02-05T02:01:22.6322391-08:00" testType="13cdc9d9-ddb5-4fa4-a97d-d965ccfc6d4b" outcome="Passed" testListId="8c84fa94-04c1-424b-9868-57a2d4851a1d" relativeResultsDirectory="696cab24-9c4e-4e76-b62c-42e992599420" />
    <UnitTestResult executionId="081dabbd-79e6-49c0-adc5-9ad7e3652652" testId="eb85eb26-1b8a-e1f6-9a1a-160c337852ad" testName="Pitbull.Tests.Unit.Handlers.CreateProjectHandlerTests.Handle_MinimalFields_CreatesProjectWithDefaults" computerName="josh-pc" duration="00:00:00.0021980" startTime="2026-02-05T02:01:22.5941392-08:00" endTime="2026-02-05T02:01:22.5947871-08:00" testType="13cdc9d9-ddb5-4fa4-a97d-d965ccfc6d4b" outcome="Passed" testListId="8c84fa94-04c1-424b-9868-57a2d4851a1d" relativeResultsDirectory="081dabbd-79e6-49c0-adc5-9ad7e3652652" />
    <UnitTestResult executionId="db399724-19c1-49ff-bd39-764977741110" testId="12215545-0ec1-307b-0460-d087ce04c85c" testName="Pitbull.Tests.Unit.Architecture.ArchitectureTests.DTOs_Should_BeRecords" computerName="josh-pc" duration="00:00:00.0024634" startTime="2026-02-05T02:01:22.3266563-08:00" endTime="2026-02-05T02:01:22.3290150-08:00" testType="13cdc9d9-ddb5-4fa4-a97d-d965ccfc6d4b" outcome="Passed" testListId="8c84fa94-04c1-424b-9868-57a2d4851a1d" relativeResultsDirectory="db399724-19c1-49ff-bd39-764977741110" />
    <UnitTestResult executionId="cf9d9c7f-738c-4828-8001-ace9d53aed09" testId="63b3299d-71a0-8b03-caae-69eb2351338b" testName="Pitbull.Tests.Unit.Handlers.ConvertBidToProjectHandlerTests.Handle_LostBid_ReturnsInvalidStatusFailure" computerName="josh-pc" duration="00:00:00.0009340" startTime="2026-02-05T02:01:22.6471136-08:00" endTime="2026-02-05T02:01:22.6480353-08:00" testType="13cdc9d9-ddb5-4fa4-a97d-d965ccfc6d4b" outcome="Passed" testListId="8c84fa94-04c1-424b-9868-57a2d4851a1d" relativeResultsDirectory="cf9d9c7f-738c-4828-8001-ace9d53aed09" />
    <UnitTestResult executionId="15377ac6-a22b-45f2-8218-3cb8fe0e5e2a" testId="d41ca62e-228b-dd49-1ae7-f0e4f1b65c35" testName="Pitbull.Tests.Unit.Handlers.ConvertBidToProjectHandlerTests.Handle_DraftBid_ReturnsInvalidStatusFailure" computerName="josh-pc" duration="00:00:00.0009593" startTime="2026-02-05T02:01:22.6546323-08:00" endTime="2026-02-05T02:01:22.6555157-08:00" testType="13cdc9d9-ddb5-4fa4-a97d-d965ccfc6d4b" outcome="Passed" testListId="8c84fa94-04c1-424b-9868-57a2d4851a1d" relativeResultsDirectory="15377ac6-a22b-45f2-8218-3cb8fe0e5e2a" />
    <UnitTestResult executionId="fd3a950e-2c03-41a4-8e68-6835893aded2" testId="ad0c1de9-a401-4622-2fce-3c2331618831" testName="Pitbull.Tests.Unit.Handlers.GetDashboardStatsHandlerTests.Handle_WhenDatabaseEmpty_ReturnsZeroStats" computerName="josh-pc" duration="00:00:00.0273205" startTime="2026-02-05T02:01:22.5613596-08:00" endTime="2026-02-05T02:01:22.5882484-08:00" testType="13cdc9d9-ddb5-4fa4-a97d-d965ccfc6d4b" outcome="Passed" testListId="8c84fa94-04c1-424b-9868-57a2d4851a1d" relativeResultsDirectory="fd3a950e-2c03-41a4-8e68-6835893aded2" />
    <UnitTestResult executionId="bcfd5c0f-61dd-4150-969e-7cb295df5633" testId="3b5c5dfc-1137-f4a0-e4ec-fa78f26fa34d" testName="Pitbull.Tests.Unit.Architecture.ArchitectureTests.Handlers_Should_HaveCorrectNaming" computerName="josh-pc" duration="00:00:00.0211913" startTime="2026-02-05T02:01:22.3111250-08:00" endTime="2026-02-05T02:01:22.3265142-08:00" testType="13cdc9d9-ddb5-4fa4-a97d-d965ccfc6d4b" outcome="Passed" testListId="8c84fa94-04c1-424b-9868-57a2d4851a1d" relativeResultsDirectory="bcfd5c0f-61dd-4150-969e-7cb295df5633" />
    <UnitTestResult executionId="a120a57e-324a-4ea3-a9cb-9879ecc2ba64" testId="dd086668-535e-ef5c-6524-13d318bc6912" testName="Pitbull.Tests.Unit.Handlers.GetDashboardStatsHandlerTests.Handle_ReturnsResponseWithAllFields" computerName="josh-pc" duration="00:00:00.4962334" startTime="2026-02-05T02:01:22.0799675-08:00" endTime="2026-02-05T02:01:22.5608812-08:00" testType="13cdc9d9-ddb5-4fa4-a97d-d965ccfc6d4b" outcome="Passed" testListId="8c84fa94-04c1-424b-9868-57a2d4851a1d" relativeResultsDirectory="a120a57e-324a-4ea3-a9cb-9879ecc2ba64" />
    <UnitTestResult executionId="f0d1726d-d90b-49b7-8b30-f8a0f5e3780b" testId="a823af87-f31f-d994-5f93-194cf6dc7126" testName="Pitbull.Tests.Unit.Handlers.ListBidsHandlerTests.Handle_PaginatesCorrectly" computerName="josh-pc" duration="00:00:00.0014310" startTime="2026-02-05T02:01:22.6934746-08:00" endTime="2026-02-05T02:01:22.6948012-08:00" testType="13cdc9d9-ddb5-4fa4-a97d-d965ccfc6d4b" outcome="Passed" testListId="8c84fa94-04c1-424b-9868-57a2d4851a1d" relativeResultsDirectory="f0d1726d-d90b-49b7-8b30-f8a0f5e3780b" />
    <UnitTestResult executionId="f93e9b4a-f3e6-435c-865b-39385d1b8b5d" testId="7118801f-a1ff-a436-1fe3-d625fa4e1e58" testName="Pitbull.Tests.Unit.Architecture.ArchitectureTests.CoreModule_ShouldNot_DependOn_BusinessModules" computerName="josh-pc" duration="00:00:00.3370536" startTime="2026-02-05T02:01:22.9505518-08:00" endTime="2026-02-05T02:01:23.2875536-08:00" testType="13cdc9d9-ddb5-4fa4-a97d-d965ccfc6d4b" outcome="Passed" testListId="8c84fa94-04c1-424b-9868-57a2d4851a1d" relativeResultsDirectory="f93e9b4a-f3e6-435c-865b-39385d1b8b5d" />
    <UnitTestResult executionId="ec904309-af13-4af1-9709-8c4b3a2f745f" testId="6e2de6fb-f8b0-59ce-085d-00e819c07ca1" testName="Pitbull.Tests.Unit.Architecture.ArchitectureTests.Commands_And_Queries_Should_BeRecords" computerName="josh-pc" duration="00:00:00.0208253" startTime="2026-02-05T02:01:22.3341060-08:00" endTime="2026-02-05T02:01:22.3549475-08:00" testType="13cdc9d9-ddb5-4fa4-a97d-d965ccfc6d4b" outcome="Passed" testListId="8c84fa94-04c1-424b-9868-57a2d4851a1d" relativeResultsDirectory="ec904309-af13-4af1-9709-8c4b3a2f745f" />
    <UnitTestResult executionId="3643224f-033e-4358-ad0a-cd68bedc849b" testId="0151572a-1183-d80c-6e86-31a2b84dee49" testName="Pitbull.Tests.Unit.Handlers.CreateProjectHandlerTests.Handle_ValidCommand_CreatesProjectAndReturnsDto" computerName="josh-pc" duration="00:00:00.0046438" startTime="2026-02-05T02:01:22.6300556-08:00" endTime="2026-02-05T02:01:22.6345411-08:00" testType="13cdc9d9-ddb5-4fa4-a97d-d965ccfc6d4b" outcome="Passed" testListId="8c84fa94-04c1-424b-9868-57a2d4851a1d" relativeResultsDirectory="3643224f-033e-4358-ad0a-cd68bedc849b" />
    <UnitTestResult executionId="c76cbb78-1fd1-4378-94bc-ed2ecd911201" testId="e65a605b-d533-b79f-9139-98999492351b" testName="Pitbull.Tests.Unit.Handlers.CreateBidHandlerTests.Handle_DefaultsStatusToDraft" computerName="josh-pc" duration="00:00:00.0061081" startTime="2026-02-05T02:01:22.6316695-08:00" endTime="2026-02-05T02:01:22.6377203-08:00" testType="13cdc9d9-ddb5-4fa4-a97d-d965ccfc6d4b" outcome="Passed" testListId="8c84fa94-04c1-424b-9868-57a2d4851a1d" relativeResultsDirectory="c76cbb78-1fd1-4378-94bc-ed2ecd911201" />
    <UnitTestResult executionId="02362d25-b684-4852-a6cc-9eb269317463" testId="85a47c7f-7293-87dd-8d3b-5e9f664059b3" testName="Pitbull.Tests.Unit.Handlers.CreateBidHandlerTests.Handle_WithLineItems_CreatesItemsAndCalculatesTotalCost" computerName="josh-pc" duration="00:00:00.0331218" startTime="2026-02-05T02:01:22.6378519-08:00" endTime="2026-02-05T02:01:22.6708979-08:00" testType="13cdc9d9-ddb5-4fa4-a97d-d965ccfc6d4b" outcome="Passed" testListId="8c84fa94-04c1-424b-9868-57a2d4851a1d" relativeResultsDirectory="02362d25-b684-4852-a6cc-9eb269317463" />
    <UnitTestResult executionId="3e7a72f7-0d75-4f63-ab6e-29e520e53cb1" testId="b982817c-44ea-a332-5404-fea803ab28ad" testName="Pitbull.Tests.Unit.Handlers.ListBidsHandlerTests.Handle_IncludesBidItems" computerName="josh-pc" duration="00:00:00.0362619" startTime="2026-02-05T02:01:22.6431386-08:00" endTime="2026-02-05T02:01:22.6793545-08:00" testType="13cdc9d9-ddb5-4fa4-a97d-d965ccfc6d4b" outcome="Passed" testListId="8c84fa94-04c1-424b-9868-57a2d4851a1d" relativeResultsDirectory="3e7a72f7-0d75-4f63-ab6e-29e520e53cb1" />
    <UnitTestResult executionId="48a62acc-e65f-4317-a258-2772710fc566" testId="76d29a4b-22b0-de4f-5cff-a777a9cb0a12" testName="Pitbull.Tests.Unit.Handlers.CreateBidHandlerTests.Handle_ValidCommand_CreatesBidAndReturnsDto" computerName="josh-pc" duration="00:00:00.0017163" startTime="2026-02-05T02:01:22.6709973-08:00" endTime="2026-02-05T02:01:22.6726758-08:00" testType="13cdc9d9-ddb5-4fa4-a97d-d965ccfc6d4b" outcome="Passed" testListId="8c84fa94-04c1-424b-9868-57a2d4851a1d" relativeResultsDirectory="48a62acc-e65f-4317-a258-2772710fc566" />
    <UnitTestResult executionId="3f96ddc7-6c8e-407b-b72b-e4ec12d31da8" testId="88f6fa1c-3eb8-c7bc-20cc-9b8e9befe59d" testName="Pitbull.Tests.Unit.Architecture.ArchitectureTests.Handlers_Should_ReturnResult" computerName="josh-pc" duration="00:00:00.0262258" startTime="2026-02-05T02:01:22.8491838-08:00" endTime="2026-02-05T02:01:22.8753936-08:00" testType="13cdc9d9-ddb5-4fa4-a97d-d965ccfc6d4b" outcome="Passed" testListId="8c84fa94-04c1-424b-9868-57a2d4851a1d" relativeResultsDirectory="3f96ddc7-6c8e-407b-b72b-e4ec12d31da8" />
    <UnitTestResult executionId="2a429f59-6b47-4eaa-a57f-8257bb4434a5" testId="aba1dd8d-683b-ce54-3521-55fb90fb59e0" testName="Pitbull.Tests.Unit.Handlers.CreateBidHandlerTests.Handle_EmptyItemsList_CreatesNoBidItems" computerName="josh-pc" duration="00:00:00.0016737" startTime="2026-02-05T02:01:22.6300699-08:00" endTime="2026-02-05T02:01:22.6315554-08:00" testType="13cdc9d9-ddb5-4fa4-a97d-d965ccfc6d4b" outcome="Passed" testListId="8c84fa94-04c1-424b-9868-57a2d4851a1d" relativeResultsDirectory="2a429f59-6b47-4eaa-a57f-8257bb4434a5" />
    <UnitTestResult executionId="a56573af-1c66-4507-97ad-f3bf7e0dc721" testId="3c6d4445-e2b2-00ec-b353-a4d6745c0a22" testName="Pitbull.Tests.Unit.Handlers.CreateProjectHandlerTests.Handle_SetsTenantIdFromContext" computerName="josh-pc" duration="00:00:00.0056409" startTime="2026-02-05T02:01:22.6350762-08:00" endTime="2026-02-05T02:01:22.6402195-08:00" testType="13cdc9d9-ddb5-4fa4-a97d-d965ccfc6d4b" outcome="Passed" testListId="8c84fa94-04c1-424b-9868-57a2d4851a1d" relativeResultsDirectory="a56573af-1c66-4507-97ad-f3bf7e0dc721" />
    <UnitTestResult executionId="36bfc85e-4a53-4f3e-a327-30608353a549" testId="17076f80-6c12-0451-5a82-200986708319" testName="Pitbull.Tests.Unit.Middleware.CorrelationIdMiddlewareTests.InvokeAsync_WhenNoIncomingHeader_GeneratesCorrelationId_SetsResponseHeaderAndItems" computerName="josh-pc" duration="00:00:00.0294977" startTime="2026-02-05T02:01:22.0799837-08:00" endTime="2026-02-05T02:01:22.0957024-08:00" testType="13cdc9d9-ddb5-4fa4-a97d-d965ccfc6d4b" outcome="Passed" testListId="8c84fa94-04c1-424b-9868-57a2d4851a1d" relativeResultsDirectory="36bfc85e-4a53-4f3e-a327-30608353a549" />
    <UnitTestResult executionId="bdcaee6f-4c5e-4f6c-8b02-9ec21812f6dc" testId="04efe5f9-c256-1228-18d7-54b575361b9b" testName="Pitbull.Tests.Unit.Handlers.CreateBidHandlerTests.Handle_PersistsBidToDatabase" computerName="josh-pc" duration="00:00:00.5652568" startTime="2026-02-05T02:01:22.0799512-08:00" endTime="2026-02-05T02:01:22.6298979-08:00" testType="13cdc9d9-ddb5-4fa4-a97d-d965ccfc6d4b" outcome="Passed" testListId="8c84fa94-04c1-424b-9868-57a2d4851a1d" relativeResultsDirectory="bdcaee6f-4c5e-4f6c-8b02-9ec21812f6dc" />
    <UnitTestResult executionId="32ca31f6-5db1-4045-b247-0e4832f8af9f" testId="775671c0-a4f5-74de-d6bd-e92c1dc3da09" testName="Pitbull.Tests.Unit.Handlers.GetDashboardStatsHandlerTests.DashboardStatsResponse_RecordEquality" computerName="josh-pc" duration="00:00:00.0014089" startTime="2026-02-05T02:01:22.5884471-08:00" endTime="2026-02-05T02:01:22.5896728-08:00" testType="13cdc9d9-ddb5-4fa4-a97d-d965ccfc6d4b" outcome="Passed" testListId="8c84fa94-04c1-424b-9868-57a2d4851a1d" relativeResultsDirectory="32ca31f6-5db1-4045-b247-0e4832f8af9f" />
    <UnitTestResult executionId="b8e86560-8522-4d8a-b866-9e7f7e082f86" testId="8226ab5a-1c71-f8f8-0d4e-ea523980847f" testName="Pitbull.Tests.Unit.Handlers.ListBidsHandlerTests.Handle_OrdersByCreatedAtDescending" computerName="josh-pc" duration="00:00:00.0008947" startTime="2026-02-05T02:01:22.6818053-08:00" endTime="2026-02-05T02:01:22.6826467-08:00" testType="13cdc9d9-ddb5-4fa4-a97d-d965ccfc6d4b" outcome="Passed" testListId="8c84fa94-04c1-424b-9868-57a2d4851a1d" relativeResultsDirectory="b8e86560-8522-4d8a-b866-9e7f7e082f86" />
    <UnitTestResult executionId="7665dd9a-bef2-4640-89cf-5b25360e0954" testId="01914c51-8376-7d92-a48c-ef739d76ddf3" testName="Pitbull.Tests.Unit.Handlers.CreateProjectHandlerTests.Handle_ValidCommand_PersistsProjectToDatabase" computerName="josh-pc" duration="00:00:00.0304919" startTime="2026-02-05T02:01:22.5994170-08:00" endTime="2026-02-05T02:01:22.6298533-08:00" testType="13cdc9d9-ddb5-4fa4-a97d-d965ccfc6d4b" outcome="Passed" testListId="8c84fa94-04c1-424b-9868-57a2d4851a1d" relativeResultsDirectory="7665dd9a-bef2-4640-89cf-5b25360e0954" />
    <UnitTestResult executionId="2cb4bce8-d28a-4ad7-a173-42b75a4be4df" testId="300c05d4-c6b6-d6da-c7d8-ff47b24b9c2c" testName="Pitbull.Tests.Unit.Handlers.ListBidsHandlerTests.Handle_SearchByName_ReturnsMatchingBids" computerName="josh-pc" duration="00:00:00.0010659" startTime="2026-02-05T02:01:22.6961282-08:00" endTime="2026-02-05T02:01:22.6971548-08:00" testType="13cdc9d9-ddb5-4fa4-a97d-d965ccfc6d4b" outcome="Passed" testListId="8c84fa94-04c1-424b-9868-57a2d4851a1d" relativeResultsDirectory="2cb4bce8-d28a-4ad7-a173-42b75a4be4df" />
  </Results>
  <TestDefinitions>
    <UnitTest name="Pitbull.Tests.Unit.Handlers.CreateBidHandlerTests.Handle_WithLineItems_CreatesItemsAndCalculatesTotalCost" storage="/mnt/c/pitbull/tests/pitbull.tests.unit/bin/debug/net9.0/pitbull.tests.unit.dll" id="85a47c7f-7293-87dd-8d3b-5e9f664059b3">
      <Execution id="02362d25-b684-4852-a6cc-9eb269317463" />
      <TestMethod codeBase="/mnt/c/pitbull/tests/Pitbull.Tests.Unit/bin/Debug/net9.0/Pitbull.Tests.Unit.dll" adapterTypeName="executor://xunit/VsTestRunner3/netcore/" className="Pitbull.Tests.Unit.Handlers.CreateBidHandlerTests" name="Handle_WithLineItems_CreatesItemsAndCalculatesTotalCost" />
    </UnitTest>
    <UnitTest name="Pitbull.Tests.Unit.Handlers.ListProjectsHandlerTests.Handle_LastPage_ReturnsRemainingItems" storage="/mnt/c/pitbull/tests/pitbull.tests.unit/bin/debug/net9.0/pitbull.tests.unit.dll" id="99a566f7-0777-9506-82f0-b87f68c1d080">
      <Execution id="189896e6-bbe7-42e3-86ae-92819debca4a" />
      <TestMethod codeBase="/mnt/c/pitbull/tests/Pitbull.Tests.Unit/bin/Debug/net9.0/Pitbull.Tests.Unit.dll" adapterTypeName="executor://xunit/VsTestRunner3/netcore/" className="Pitbull.Tests.Unit.Handlers.ListProjectsHandlerTests" name="Handle_LastPage_ReturnsRemainingItems" />
    </UnitTest>
    <UnitTest name="Pitbull.Tests.Unit.Handlers.ListProjectsHandlerTests.Handle_FilterByStatus_ReturnsOnlyMatchingProjects" storage="/mnt/c/pitbull/tests/pitbull.tests.unit/bin/debug/net9.0/pitbull.tests.unit.dll" id="72a24cd9-595d-5cb7-ae9d-f1203e5168b4">
      <Execution id="7e33a59d-72af-4f10-aa82-31bde1eb6590" />
      <TestMethod codeBase="/mnt/c/pitbull/tests/Pitbull.Tests.Unit/bin/Debug/net9.0/Pitbull.Tests.Unit.dll" adapterTypeName="executor://xunit/VsTestRunner3/netcore/" className="Pitbull.Tests.Unit.Handlers.ListProjectsHandlerTests" name="Handle_FilterByStatus_ReturnsOnlyMatchingProjects" />
    </UnitTest>
    <UnitTest name="Pitbull.Tests.Unit.Handlers.GetDashboardStatsHandlerTests.DashboardStatsResponse_RecordEquality" storage="/mnt/c/pitbull/tests/pitbull.tests.unit/bin/debug/net9.0/pitbull.tests.unit.dll" id="775671c0-a4f5-74de-d6bd-e92c1dc3da09">
      <Execution id="32ca31f6-5db1-4045-b247-0e4832f8af9f" />
      <TestMethod codeBase="/mnt/c/pitbull/tests/Pitbull.Tests.Unit/bin/Debug/net9.0/Pitbull.Tests.Unit.dll" adapterTypeName="executor://xunit/VsTestRunner3/netcore/" className="Pitbull.Tests.Unit.Handlers.GetDashboardStatsHandlerTests" name="DashboardStatsResponse_RecordEquality" />
    </UnitTest>
    <UnitTest name="Pitbull.Tests.Unit.Architecture.ArchitectureTests.ProjectsModule_ShouldNot_DependOn_OtherModules" storage="/mnt/c/pitbull/tests/pitbull.tests.unit/bin/debug/net9.0/pitbull.tests.unit.dll" id="db1d5202-477d-a697-aefa-ef824d9f0f15">
      <Execution id="7f7fee10-33f0-4938-afdc-b1e54f1446f4" />
      <TestMethod codeBase="/mnt/c/pitbull/tests/Pitbull.Tests.Unit/bin/Debug/net9.0/Pitbull.Tests.Unit.dll" adapterTypeName="executor://xunit/VsTestRunner3/netcore/" className="Pitbull.Tests.Unit.Architecture.ArchitectureTests" name="ProjectsModule_ShouldNot_DependOn_OtherModules" />
    </UnitTest>
    <UnitTest name="Pitbull.Tests.Unit.Architecture.ArchitectureTests.Controllers_Should_OnlyDependOn_AllowedNamespaces" storage="/mnt/c/pitbull/tests/pitbull.tests.unit/bin/debug/net9.0/pitbull.tests.unit.dll" id="c824d590-37eb-df17-28a5-ef29fd5370ea">
      <Execution id="2e6aa054-be6d-4156-8a84-56280170e161" />
      <TestMethod codeBase="/mnt/c/pitbull/tests/Pitbull.Tests.Unit/bin/Debug/net9.0/Pitbull.Tests.Unit.dll" adapterTypeName="executor://xunit/VsTestRunner3/netcore/" className="Pitbull.Tests.Unit.Architecture.ArchitectureTests" name="Controllers_Should_OnlyDependOn_AllowedNamespaces" />
    </UnitTest>
    <UnitTest name="Pitbull.Tests.Unit.Architecture.ArchitectureTests.Queries_ShouldNot_Contain_DangerousProperties" storage="/mnt/c/pitbull/tests/pitbull.tests.unit/bin/debug/net9.0/pitbull.tests.unit.dll" id="1a623e1f-bd21-40bc-f305-ea24cb2e549c">
      <Execution id="83259425-3ee4-4660-9e46-96046d956008" />
      <TestMethod codeBase="/mnt/c/pitbull/tests/Pitbull.Tests.Unit/bin/Debug/net9.0/Pitbull.Tests.Unit.dll" adapterTypeName="executor://xunit/VsTestRunner3/netcore/" className="Pitbull.Tests.Unit.Architecture.ArchitectureTests" name="Queries_ShouldNot_Contain_DangerousProperties" />
    </UnitTest>
    <UnitTest name="Pitbull.Tests.Unit.Handlers.ListBidsHandlerTests.Handle_Page3_ReturnsRemainingItems" storage="/mnt/c/pitbull/tests/pitbull.tests.unit/bin/debug/net9.0/pitbull.tests.unit.dll" id="e21af355-7dc2-39fd-019c-552b4197f241">
      <Execution id="198cd55a-e9e2-4fc8-9c22-7fbec0b3ff74" />
      <TestMethod codeBase="/mnt/c/pitbull/tests/Pitbull.Tests.Unit/bin/Debug/net9.0/Pitbull.Tests.Unit.dll" adapterTypeName="executor://xunit/VsTestRunner3/netcore/" className="Pitbull.Tests.Unit.Handlers.ListBidsHandlerTests" name="Handle_Page3_ReturnsRemainingItems" />
    </UnitTest>
    <UnitTest name="Pitbull.Tests.Unit.Handlers.ConvertBidToProjectHandlerTests.Handle_DraftBid_ReturnsInvalidStatusFailure" storage="/mnt/c/pitbull/tests/pitbull.tests.unit/bin/debug/net9.0/pitbull.tests.unit.dll" id="d41ca62e-228b-dd49-1ae7-f0e4f1b65c35">
      <Execution id="15377ac6-a22b-45f2-8218-3cb8fe0e5e2a" />
      <TestMethod codeBase="/mnt/c/pitbull/tests/Pitbull.Tests.Unit/bin/Debug/net9.0/Pitbull.Tests.Unit.dll" adapterTypeName="executor://xunit/VsTestRunner3/netcore/" className="Pitbull.Tests.Unit.Handlers.ConvertBidToProjectHandlerTests" name="Handle_DraftBid_ReturnsInvalidStatusFailure" />
    </UnitTest>
    <UnitTest name="Pitbull.Tests.Unit.Handlers.ListProjectsHandlerTests.Handle_EmptyDatabase_ReturnsEmptyPage" storage="/mnt/c/pitbull/tests/pitbull.tests.unit/bin/debug/net9.0/pitbull.tests.unit.dll" id="8ca64358-5109-906f-4017-83303a4b60dd">
      <Execution id="685bd6fc-ae39-4478-aed2-2e89bcaf5626" />
      <TestMethod codeBase="/mnt/c/pitbull/tests/Pitbull.Tests.Unit/bin/Debug/net9.0/Pitbull.Tests.Unit.dll" adapterTypeName="executor://xunit/VsTestRunner3/netcore/" className="Pitbull.Tests.Unit.Handlers.ListProjectsHandlerTests" name="Handle_EmptyDatabase_ReturnsEmptyPage" />
    </UnitTest>
    <UnitTest name="Pitbull.Tests.Unit.Handlers.CreateProjectHandlerTests.Handle_ValidCommand_PersistsProjectToDatabase" storage="/mnt/c/pitbull/tests/pitbull.tests.unit/bin/debug/net9.0/pitbull.tests.unit.dll" id="01914c51-8376-7d92-a48c-ef739d76ddf3">
      <Execution id="7665dd9a-bef2-4640-89cf-5b25360e0954" />
      <TestMethod codeBase="/mnt/c/pitbull/tests/Pitbull.Tests.Unit/bin/Debug/net9.0/Pitbull.Tests.Unit.dll" adapterTypeName="executor://xunit/VsTestRunner3/netcore/" className="Pitbull.Tests.Unit.Handlers.CreateProjectHandlerTests" name="Handle_ValidCommand_PersistsProjectToDatabase" />
    </UnitTest>
    <UnitTest name="Pitbull.Tests.Unit.Architecture.ArchitectureTests.DTOs_Should_BeRecords" storage="/mnt/c/pitbull/tests/pitbull.tests.unit/bin/debug/net9.0/pitbull.tests.unit.dll" id="12215545-0ec1-307b-0460-d087ce04c85c">
      <Execution id="db399724-19c1-49ff-bd39-764977741110" />
      <TestMethod codeBase="/mnt/c/pitbull/tests/Pitbull.Tests.Unit/bin/Debug/net9.0/Pitbull.Tests.Unit.dll" adapterTypeName="executor://xunit/VsTestRunner3/netcore/" className="Pitbull.Tests.Unit.Architecture.ArchitectureTests" name="DTOs_Should_BeRecords" />
    </UnitTest>
    <UnitTest name="Pitbull.Tests.Unit.Handlers.ConvertBidToProjectHandlerTests.Handle_WonBid_ConvertsToProjectSuccessfully" storage="/mnt/c/pitbull/tests/pitbull.tests.unit/bin/debug/net9.0/pitbull.tests.unit.dll" id="1180872c-e6d0-54c7-7065-7d78399798c4">
      <Execution id="5b913b1c-d825-439f-97f3-7b5085c0c0fb" />
      <TestMethod codeBase="/mnt/c/pitbull/tests/Pitbull.Tests.Unit/bin/Debug/net9.0/Pitbull.Tests.Unit.dll" adapterTypeName="executor://xunit/VsTestRunner3/netcore/" className="Pitbull.Tests.Unit.Handlers.ConvertBidToProjectHandlerTests" name="Handle_WonBid_ConvertsToProjectSuccessfully" />
    </UnitTest>
    <UnitTest name="Pitbull.Tests.Unit.Architecture.ArchitectureTests.Handlers_Should_ReturnResult" storage="/mnt/c/pitbull/tests/pitbull.tests.unit/bin/debug/net9.0/pitbull.tests.unit.dll" id="88f6fa1c-3eb8-c7bc-20cc-9b8e9befe59d">
      <Execution id="3f96ddc7-6c8e-407b-b72b-e4ec12d31da8" />
      <TestMethod codeBase="/mnt/c/pitbull/tests/Pitbull.Tests.Unit/bin/Debug/net9.0/Pitbull.Tests.Unit.dll" adapterTypeName="executor://xunit/VsTestRunner3/netcore/" className="Pitbull.Tests.Unit.Architecture.ArchitectureTests" name="Handlers_Should_ReturnResult" />
    </UnitTest>
    <UnitTest name="Pitbull.Tests.Unit.Handlers.ListBidsHandlerTests.Handle_ReturnsPagedResults" storage="/mnt/c/pitbull/tests/pitbull.tests.unit/bin/debug/net9.0/pitbull.tests.unit.dll" id="a552f606-ea0c-3079-6f66-a516f8259ab3">
      <Execution id="3b7126fd-2bf0-4579-bbe4-31c0dfa8dd0b" />
      <TestMethod codeBase="/mnt/c/pitbull/tests/Pitbull.Tests.Unit/bin/Debug/net9.0/Pitbull.Tests.Unit.dll" adapterTypeName="executor://xunit/VsTestRunner3/netcore/" className="Pitbull.Tests.Unit.Handlers.ListBidsHandlerTests" name="Handle_ReturnsPagedResults" />
    </UnitTest>
    <UnitTest name="Pitbull.Tests.Unit.Handlers.CreateBidHandlerTests.Handle_PersistsBidToDatabase" storage="/mnt/c/pitbull/tests/pitbull.tests.unit/bin/debug/net9.0/pitbull.tests.unit.dll" id="04efe5f9-c256-1228-18d7-54b575361b9b">
      <Execution id="bdcaee6f-4c5e-4f6c-8b02-9ec21812f6dc" />
      <TestMethod codeBase="/mnt/c/pitbull/tests/Pitbull.Tests.Unit/bin/Debug/net9.0/Pitbull.Tests.Unit.dll" adapterTypeName="executor://xunit/VsTestRunner3/netcore/" className="Pitbull.Tests.Unit.Handlers.CreateBidHandlerTests" name="Handle_PersistsBidToDatabase" />
    </UnitTest>
    <UnitTest name="Pitbull.Tests.Unit.Handlers.ListProjectsHandlerTests.Handle_PaginatesCorrectly_Page1" storage="/mnt/c/pitbull/tests/pitbull.tests.unit/bin/debug/net9.0/pitbull.tests.unit.dll" id="fea9e6f9-239d-915e-8014-397c7b3eb8fd">
      <Execution id="ea693c18-223d-4dbe-830f-1d930dd8a472" />
      <TestMethod codeBase="/mnt/c/pitbull/tests/Pitbull.Tests.Unit/bin/Debug/net9.0/Pitbull.Tests.Unit.dll" adapterTypeName="executor://xunit/VsTestRunner3/netcore/" className="Pitbull.Tests.Unit.Handlers.ListProjectsHandlerTests" name="Handle_PaginatesCorrectly_Page1" />
    </UnitTest>
    <UnitTest name="Pitbull.Tests.Unit.Handlers.ListBidsHandlerTests.Handle_FilterByStatus_ReturnsOnlyMatchingBids" storage="/mnt/c/pitbull/tests/pitbull.tests.unit/bin/debug/net9.0/pitbull.tests.unit.dll" id="27e725e5-e416-01e0-c3ca-a1c0168866f1">
      <Execution id="1cbfd2ca-9f25-4cec-9c5b-b2d034aae11d" />
      <TestMethod codeBase="/mnt/c/pitbull/tests/Pitbull.Tests.Unit/bin/Debug/net9.0/Pitbull.Tests.Unit.dll" adapterTypeName="executor://xunit/VsTestRunner3/netcore/" className="Pitbull.Tests.Unit.Handlers.ListBidsHandlerTests" name="Handle_FilterByStatus_ReturnsOnlyMatchingBids" />
    </UnitTest>
    <UnitTest name="Pitbull.Tests.Unit.Middleware.CorrelationIdMiddlewareTests.InvokeAsync_WhenNoIncomingHeader_GeneratesCorrelationId_SetsResponseHeaderAndItems" storage="/mnt/c/pitbull/tests/pitbull.tests.unit/bin/debug/net9.0/pitbull.tests.unit.dll" id="17076f80-6c12-0451-5a82-200986708319">
      <Execution id="36bfc85e-4a53-4f3e-a327-30608353a549" />
      <TestMethod codeBase="/mnt/c/pitbull/tests/Pitbull.Tests.Unit/bin/Debug/net9.0/Pitbull.Tests.Unit.dll" adapterTypeName="executor://xunit/VsTestRunner3/netcore/" className="Pitbull.Tests.Unit.Middleware.CorrelationIdMiddlewareTests" name="InvokeAsync_WhenNoIncomingHeader_GeneratesCorrelationId_SetsResponseHeaderAndItems" />
    </UnitTest>
    <UnitTest name="Pitbull.Tests.Unit.Handlers.CreateBidHandlerTests.Handle_EmptyItemsList_CreatesNoBidItems" storage="/mnt/c/pitbull/tests/pitbull.tests.unit/bin/debug/net9.0/pitbull.tests.unit.dll" id="aba1dd8d-683b-ce54-3521-55fb90fb59e0">
      <Execution id="2a429f59-6b47-4eaa-a57f-8257bb4434a5" />
      <TestMethod codeBase="/mnt/c/pitbull/tests/Pitbull.Tests.Unit/bin/Debug/net9.0/Pitbull.Tests.Unit.dll" adapterTypeName="executor://xunit/VsTestRunner3/netcore/" className="Pitbull.Tests.Unit.Handlers.CreateBidHandlerTests" name="Handle_EmptyItemsList_CreatesNoBidItems" />
    </UnitTest>
    <UnitTest name="Pitbull.Tests.Unit.Handlers.GetDashboardStatsHandlerTests.GetDashboardStatsQuery_IsParameterless" storage="/mnt/c/pitbull/tests/pitbull.tests.unit/bin/debug/net9.0/pitbull.tests.unit.dll" id="0638b2f3-76c8-4084-c7ed-4889fefbe093">
      <Execution id="040609d5-17df-4312-ad10-e5cc86bb7c4f" />
      <TestMethod codeBase="/mnt/c/pitbull/tests/Pitbull.Tests.Unit/bin/Debug/net9.0/Pitbull.Tests.Unit.dll" adapterTypeName="executor://xunit/VsTestRunner3/netcore/" className="Pitbull.Tests.Unit.Handlers.GetDashboardStatsHandlerTests" name="GetDashboardStatsQuery_IsParameterless" />
    </UnitTest>
    <UnitTest name="Pitbull.Tests.Unit.Handlers.ConvertBidToProjectHandlerTests.Handle_LostBid_ReturnsInvalidStatusFailure" storage="/mnt/c/pitbull/tests/pitbull.tests.unit/bin/debug/net9.0/pitbull.tests.unit.dll" id="63b3299d-71a0-8b03-caae-69eb2351338b">
      <Execution id="cf9d9c7f-738c-4828-8001-ace9d53aed09" />
      <TestMethod codeBase="/mnt/c/pitbull/tests/Pitbull.Tests.Unit/bin/Debug/net9.0/Pitbull.Tests.Unit.dll" adapterTypeName="executor://xunit/VsTestRunner3/netcore/" className="Pitbull.Tests.Unit.Handlers.ConvertBidToProjectHandlerTests" name="Handle_LostBid_ReturnsInvalidStatusFailure" />
    </UnitTest>
    <UnitTest name="Pitbull.Tests.Unit.Handlers.ListBidsHandlerTests.Handle_EmptyDatabase_ReturnsEmptyPage" storage="/mnt/c/pitbull/tests/pitbull.tests.unit/bin/debug/net9.0/pitbull.tests.unit.dll" id="9a7bacc8-7f79-6fa6-b7f2-aa0972a1c6e6">
      <Execution id="7899288e-9c00-4083-9342-60a281e57f91" />
      <TestMethod codeBase="/mnt/c/pitbull/tests/Pitbull.Tests.Unit/bin/Debug/net9.0/Pitbull.Tests.Unit.dll" adapterTypeName="executor://xunit/VsTestRunner3/netcore/" className="Pitbull.Tests.Unit.Handlers.ListBidsHandlerTests" name="Handle_EmptyDatabase_ReturnsEmptyPage" />
    </UnitTest>
    <UnitTest name="Pitbull.Tests.Unit.Architecture.ArchitectureTests.Commands_And_Queries_Should_BeRecords" storage="/mnt/c/pitbull/tests/pitbull.tests.unit/bin/debug/net9.0/pitbull.tests.unit.dll" id="6e2de6fb-f8b0-59ce-085d-00e819c07ca1">
      <Execution id="ec904309-af13-4af1-9709-8c4b3a2f745f" />
      <TestMethod codeBase="/mnt/c/pitbull/tests/Pitbull.Tests.Unit/bin/Debug/net9.0/Pitbull.Tests.Unit.dll" adapterTypeName="executor://xunit/VsTestRunner3/netcore/" className="Pitbull.Tests.Unit.Architecture.ArchitectureTests" name="Commands_And_Queries_Should_BeRecords" />
    </UnitTest>
    <UnitTest name="Pitbull.Tests.Unit.Architecture.ArchitectureTests.AuthController_ShouldNotHave_AuthorizeAttribute" storage="/mnt/c/pitbull/tests/pitbull.tests.unit/bin/debug/net9.0/pitbull.tests.unit.dll" id="31507441-aa41-4131-7cb6-19d37af78c48">
      <Execution id="1a158752-1a2c-4c27-ae96-28a918faf266" />
      <TestMethod codeBase="/mnt/c/pitbull/tests/Pitbull.Tests.Unit/bin/Debug/net9.0/Pitbull.Tests.Unit.dll" adapterTypeName="executor://xunit/VsTestRunner3/netcore/" className="Pitbull.Tests.Unit.Architecture.ArchitectureTests" name="AuthController_ShouldNotHave_AuthorizeAttribute" />
    </UnitTest>
    <UnitTest name="Pitbull.Tests.Unit.Handlers.CreateBidHandlerTests.Handle_ValidCommand_CreatesBidAndReturnsDto" storage="/mnt/c/pitbull/tests/pitbull.tests.unit/bin/debug/net9.0/pitbull.tests.unit.dll" id="76d29a4b-22b0-de4f-5cff-a777a9cb0a12">
      <Execution id="48a62acc-e65f-4317-a258-2772710fc566" />
      <TestMethod codeBase="/mnt/c/pitbull/tests/Pitbull.Tests.Unit/bin/Debug/net9.0/Pitbull.Tests.Unit.dll" adapterTypeName="executor://xunit/VsTestRunner3/netcore/" className="Pitbull.Tests.Unit.Handlers.CreateBidHandlerTests" name="Handle_ValidCommand_CreatesBidAndReturnsDto" />
    </UnitTest>
    <UnitTest name="Pitbull.Tests.Unit.Architecture.ArchitectureTests.Controllers_Should_HaveCorrectNaming" storage="/mnt/c/pitbull/tests/pitbull.tests.unit/bin/debug/net9.0/pitbull.tests.unit.dll" id="0e74066a-b311-a5e8-b5f7-e0e2bf7a6350">
      <Execution id="ecac5385-94e9-44fe-8cc5-c708c96f760e" />
      <TestMethod codeBase="/mnt/c/pitbull/tests/Pitbull.Tests.Unit/bin/Debug/net9.0/Pitbull.Tests.Unit.dll" adapterTypeName="executor://xunit/VsTestRunner3/netcore/" className="Pitbull.Tests.Unit.Architecture.ArchitectureTests" name="Controllers_Should_HaveCorrectNaming" />
    </UnitTest>
    <UnitTest name="Pitbull.Tests.Unit.Handlers.ListBidsHandlerTests.Handle_SearchByOwner_ReturnsMatchingBids" storage="/mnt/c/pitbull/tests/pitbull.tests.unit/bin/debug/net9.0/pitbull.tests.unit.dll" id="9af72fa3-932a-972c-50eb-545a73b9b584">
      <Execution id="7a56b25a-5556-4409-8d77-ff15320a65cd" />
      <TestMethod codeBase="/mnt/c/pitbull/tests/Pitbull.Tests.Unit/bin/Debug/net9.0/Pitbull.Tests.Unit.dll" adapterTypeName="executor://xunit/VsTestRunner3/netcore/" className="Pitbull.Tests.Unit.Handlers.ListBidsHandlerTests" name="Handle_SearchByOwner_ReturnsMatchingBids" />
    </UnitTest>
    <UnitTest name="Pitbull.Tests.Unit.Architecture.ArchitectureTests.Handlers_Should_BeSealed" storage="/mnt/c/pitbull/tests/pitbull.tests.unit/bin/debug/net9.0/pitbull.tests.unit.dll" id="e6b99661-b5af-e771-ab66-e011de7904d7">
      <Execution id="a0aa5971-5a83-42a3-b4ca-e7e99de1ca8b" />
      <TestMethod codeBase="/mnt/c/pitbull/tests/Pitbull.Tests.Unit/bin/Debug/net9.0/Pitbull.Tests.Unit.dll" adapterTypeName="executor://xunit/VsTestRunner3/netcore/" className="Pitbull.Tests.Unit.Architecture.ArchitectureTests" name="Handlers_Should_BeSealed" />
    </UnitTest>
    <UnitTest name="Pitbull.Tests.Unit.Handlers.ListProjectsHandlerTests.Handle_SearchByName_ReturnsMatchingProjects" storage="/mnt/c/pitbull/tests/pitbull.tests.unit/bin/debug/net9.0/pitbull.tests.unit.dll" id="caab68ff-9e1d-336d-eb8d-cd452683f25b">
      <Execution id="db75b621-85cf-4f0c-8ac1-e468d2c679b9" />
      <TestMethod codeBase="/mnt/c/pitbull/tests/Pitbull.Tests.Unit/bin/Debug/net9.0/Pitbull.Tests.Unit.dll" adapterTypeName="executor://xunit/VsTestRunner3/netcore/" className="Pitbull.Tests.Unit.Handlers.ListProjectsHandlerTests" name="Handle_SearchByName_ReturnsMatchingProjects" />
    </UnitTest>
    <UnitTest name="Pitbull.Tests.Unit.Handlers.ListBidsHandlerTests.Handle_SearchByName_ReturnsMatchingBids" storage="/mnt/c/pitbull/tests/pitbull.tests.unit/bin/debug/net9.0/pitbull.tests.unit.dll" id="300c05d4-c6b6-d6da-c7d8-ff47b24b9c2c">
      <Execution id="2cb4bce8-d28a-4ad7-a173-42b75a4be4df" />
      <TestMethod codeBase="/mnt/c/pitbull/tests/Pitbull.Tests.Unit/bin/Debug/net9.0/Pitbull.Tests.Unit.dll" adapterTypeName="executor://xunit/VsTestRunner3/netcore/" className="Pitbull.Tests.Unit.Handlers.ListBidsHandlerTests" name="Handle_SearchByName_ReturnsMatchingBids" />
    </UnitTest>
    <UnitTest name="Pitbull.Tests.Unit.Handlers.GetDashboardStatsHandlerTests.Handle_ReturnsResponseWithAllFields" storage="/mnt/c/pitbull/tests/pitbull.tests.unit/bin/debug/net9.0/pitbull.tests.unit.dll" id="dd086668-535e-ef5c-6524-13d318bc6912">
      <Execution id="a120a57e-324a-4ea3-a9cb-9879ecc2ba64" />
      <TestMethod codeBase="/mnt/c/pitbull/tests/Pitbull.Tests.Unit/bin/Debug/net9.0/Pitbull.Tests.Unit.dll" adapterTypeName="executor://xunit/VsTestRunner3/netcore/" className="Pitbull.Tests.Unit.Handlers.GetDashboardStatsHandlerTests" name="Handle_ReturnsResponseWithAllFields" />
    </UnitTest>
    <UnitTest name="Pitbull.Tests.Unit.Middleware.ExceptionMiddlewareTests.InvokeAsync_WhenExceptionThrown_IncludesCorrelationIdInJsonResponse" storage="/mnt/c/pitbull/tests/pitbull.tests.unit/bin/debug/net9.0/pitbull.tests.unit.dll" id="bae82be9-17c8-793e-6ed9-2e80c8c2635a">
      <Execution id="17d02587-eecf-467e-905a-5ab85a48f642" />
      <TestMethod codeBase="/mnt/c/pitbull/tests/Pitbull.Tests.Unit/bin/Debug/net9.0/Pitbull.Tests.Unit.dll" adapterTypeName="executor://xunit/VsTestRunner3/netcore/" className="Pitbull.Tests.Unit.Middleware.ExceptionMiddlewareTests" name="InvokeAsync_WhenExceptionThrown_IncludesCorrelationIdInJsonResponse" />
    </UnitTest>
    <UnitTest name="Pitbull.Tests.Unit.Handlers.CreateProjectHandlerTests.Handle_SetsCreatedAtTimestamp" storage="/mnt/c/pitbull/tests/pitbull.tests.unit/bin/debug/net9.0/pitbull.tests.unit.dll" id="96be81cf-791b-b6f3-1d0e-bccdcb1870bb">
      <Execution id="be21ed96-b1f1-4260-badd-afbb0e7d9121" />
      <TestMethod codeBase="/mnt/c/pitbull/tests/Pitbull.Tests.Unit/bin/Debug/net9.0/Pitbull.Tests.Unit.dll" adapterTypeName="executor://xunit/VsTestRunner3/netcore/" className="Pitbull.Tests.Unit.Handlers.CreateProjectHandlerTests" name="Handle_SetsCreatedAtTimestamp" />
    </UnitTest>
    <UnitTest name="Pitbull.Tests.Unit.Handlers.CreateBidHandlerTests.Handle_SetsTenantIdFromContext" storage="/mnt/c/pitbull/tests/pitbull.tests.unit/bin/debug/net9.0/pitbull.tests.unit.dll" id="d615631a-4420-a20e-40f4-1272555711ec">
      <Execution id="8f290e52-b2ca-42c6-9d7e-9cc4b280f584" />
      <TestMethod codeBase="/mnt/c/pitbull/tests/Pitbull.Tests.Unit/bin/Debug/net9.0/Pitbull.Tests.Unit.dll" adapterTypeName="executor://xunit/VsTestRunner3/netcore/" className="Pitbull.Tests.Unit.Handlers.CreateBidHandlerTests" name="Handle_SetsTenantIdFromContext" />
    </UnitTest>
    <UnitTest name="Pitbull.Tests.Unit.Handlers.ConvertBidToProjectHandlerTests.Handle_WonBid_CreatesProjectWithCorrectFields" storage="/mnt/c/pitbull/tests/pitbull.tests.unit/bin/debug/net9.0/pitbull.tests.unit.dll" id="faf51d86-34ab-f464-265c-14d8cd8919e9">
      <Execution id="97cc42bd-e184-4aa6-9908-b948eec16a22" />
      <TestMethod codeBase="/mnt/c/pitbull/tests/Pitbull.Tests.Unit/bin/Debug/net9.0/Pitbull.Tests.Unit.dll" adapterTypeName="executor://xunit/VsTestRunner3/netcore/" className="Pitbull.Tests.Unit.Handlers.ConvertBidToProjectHandlerTests" name="Handle_WonBid_CreatesProjectWithCorrectFields" />
    </UnitTest>
    <UnitTest name="Pitbull.Tests.Unit.Handlers.ListBidsHandlerTests.Handle_IncludesBidItems" storage="/mnt/c/pitbull/tests/pitbull.tests.unit/bin/debug/net9.0/pitbull.tests.unit.dll" id="b982817c-44ea-a332-5404-fea803ab28ad">
      <Execution id="3e7a72f7-0d75-4f63-ab6e-29e520e53cb1" />
      <TestMethod codeBase="/mnt/c/pitbull/tests/Pitbull.Tests.Unit/bin/Debug/net9.0/Pitbull.Tests.Unit.dll" adapterTypeName="executor://xunit/VsTestRunner3/netcore/" className="Pitbull.Tests.Unit.Handlers.ListBidsHandlerTests" name="Handle_IncludesBidItems" />
    </UnitTest>
    <UnitTest name="Pitbull.Tests.Unit.Handlers.ListProjectsHandlerTests.Handle_ReturnsPagedResults" storage="/mnt/c/pitbull/tests/pitbull.tests.unit/bin/debug/net9.0/pitbull.tests.unit.dll" id="62c00aec-8062-921d-ddeb-d2683765deb1">
      <Execution id="696cab24-9c4e-4e76-b62c-42e992599420" />
      <TestMethod codeBase="/mnt/c/pitbull/tests/Pitbull.Tests.Unit/bin/Debug/net9.0/Pitbull.Tests.Unit.dll" adapterTypeName="executor://xunit/VsTestRunner3/netcore/" className="Pitbull.Tests.Unit.Handlers.ListProjectsHandlerTests" name="Handle_ReturnsPagedResults" />
    </UnitTest>
    <UnitTest name="Pitbull.Tests.Unit.Architecture.ArchitectureTests.CoreModule_ShouldNot_DependOn_BusinessModules" storage="/mnt/c/pitbull/tests/pitbull.tests.unit/bin/debug/net9.0/pitbull.tests.unit.dll" id="7118801f-a1ff-a436-1fe3-d625fa4e1e58">
      <Execution id="f93e9b4a-f3e6-435c-865b-39385d1b8b5d" />
      <TestMethod codeBase="/mnt/c/pitbull/tests/Pitbull.Tests.Unit/bin/Debug/net9.0/Pitbull.Tests.Unit.dll" adapterTypeName="executor://xunit/VsTestRunner3/netcore/" className="Pitbull.Tests.Unit.Architecture.ArchitectureTests" name="CoreModule_ShouldNot_DependOn_BusinessModules" />
    </UnitTest>
    <UnitTest name="Pitbull.Tests.Unit.Handlers.CreateProjectHandlerTests.Handle_ValidCommand_CreatesProjectAndReturnsDto" storage="/mnt/c/pitbull/tests/pitbull.tests.unit/bin/debug/net9.0/pitbull.tests.unit.dll" id="0151572a-1183-d80c-6e86-31a2b84dee49">
      <Execution id="3643224f-033e-4358-ad0a-cd68bedc849b" />
      <TestMethod codeBase="/mnt/c/pitbull/tests/Pitbull.Tests.Unit/bin/Debug/net9.0/Pitbull.Tests.Unit.dll" adapterTypeName="executor://xunit/VsTestRunner3/netcore/" className="Pitbull.Tests.Unit.Handlers.CreateProjectHandlerTests" name="Handle_ValidCommand_CreatesProjectAndReturnsDto" />
    </UnitTest>
    <UnitTest name="Pitbull.Tests.Unit.Handlers.CreateProjectHandlerTests.Handle_WithSourceBidId_LinksProjectToBid" storage="/mnt/c/pitbull/tests/pitbull.tests.unit/bin/debug/net9.0/pitbull.tests.unit.dll" id="64974422-35b0-0661-a190-bf956cdbc5f8">
      <Execution id="af18425d-e05f-4297-8267-dd1f8051e0d3" />
      <TestMethod codeBase="/mnt/c/pitbull/tests/Pitbull.Tests.Unit/bin/Debug/net9.0/Pitbull.Tests.Unit.dll" adapterTypeName="executor://xunit/VsTestRunner3/netcore/" className="Pitbull.Tests.Unit.Handlers.CreateProjectHandlerTests" name="Handle_WithSourceBidId_LinksProjectToBid" />
    </UnitTest>
    <UnitTest name="Pitbull.Tests.Unit.Handlers.ListProjectsHandlerTests.Handle_SearchByClientName_ReturnsMatchingProjects" storage="/mnt/c/pitbull/tests/pitbull.tests.unit/bin/debug/net9.0/pitbull.tests.unit.dll" id="eecee652-9f05-113d-8310-07b2d772de3a">
      <Execution id="94427cf5-88ac-4117-999c-ca22e6c8febd" />
      <TestMethod codeBase="/mnt/c/pitbull/tests/Pitbull.Tests.Unit/bin/Debug/net9.0/Pitbull.Tests.Unit.dll" adapterTypeName="executor://xunit/VsTestRunner3/netcore/" className="Pitbull.Tests.Unit.Handlers.ListProjectsHandlerTests" name="Handle_SearchByClientName_ReturnsMatchingProjects" />
    </UnitTest>
    <UnitTest name="Pitbull.Tests.Unit.Middleware.CorrelationIdMiddlewareTests.InvokeAsync_UsesIncomingCorrelationIdHeader_SetsResponseHeaderAndItems" storage="/mnt/c/pitbull/tests/pitbull.tests.unit/bin/debug/net9.0/pitbull.tests.unit.dll" id="d6900adc-9454-a201-14cc-3fdc36a6fb9e">
      <Execution id="e153a2b4-160b-4225-a51f-c4bfa385efdb" />
      <TestMethod codeBase="/mnt/c/pitbull/tests/Pitbull.Tests.Unit/bin/Debug/net9.0/Pitbull.Tests.Unit.dll" adapterTypeName="executor://xunit/VsTestRunner3/netcore/" className="Pitbull.Tests.Unit.Middleware.CorrelationIdMiddlewareTests" name="InvokeAsync_UsesIncomingCorrelationIdHeader_SetsResponseHeaderAndItems" />
    </UnitTest>
    <UnitTest name="Pitbull.Tests.Unit.Handlers.CreateBidHandlerTests.Handle_DefaultsStatusToDraft" storage="/mnt/c/pitbull/tests/pitbull.tests.unit/bin/debug/net9.0/pitbull.tests.unit.dll" id="e65a605b-d533-b79f-9139-98999492351b">
      <Execution id="c76cbb78-1fd1-4378-94bc-ed2ecd911201" />
      <TestMethod codeBase="/mnt/c/pitbull/tests/Pitbull.Tests.Unit/bin/Debug/net9.0/Pitbull.Tests.Unit.dll" adapterTypeName="executor://xunit/VsTestRunner3/netcore/" className="Pitbull.Tests.Unit.Handlers.CreateBidHandlerTests" name="Handle_DefaultsStatusToDraft" />
    </UnitTest>
    <UnitTest name="Pitbull.Tests.Unit.Handlers.ListBidsHandlerTests.Handle_OrdersByCreatedAtDescending" storage="/mnt/c/pitbull/tests/pitbull.tests.unit/bin/debug/net9.0/pitbull.tests.unit.dll" id="8226ab5a-1c71-f8f8-0d4e-ea523980847f">
      <Execution id="b8e86560-8522-4d8a-b866-9e7f7e082f86" />
      <TestMethod codeBase="/mnt/c/pitbull/tests/Pitbull.Tests.Unit/bin/Debug/net9.0/Pitbull.Tests.Unit.dll" adapterTypeName="executor://xunit/VsTestRunner3/netcore/" className="Pitbull.Tests.Unit.Handlers.ListBidsHandlerTests" name="Handle_OrdersByCreatedAtDescending" />
    </UnitTest>
    <UnitTest name="Pitbull.Tests.Unit.Handlers.GetDashboardStatsHandlerTests.Handle_WhenDatabaseEmpty_ReturnsZeroStats" storage="/mnt/c/pitbull/tests/pitbull.tests.unit/bin/debug/net9.0/pitbull.tests.unit.dll" id="ad0c1de9-a401-4622-2fce-3c2331618831">
      <Execution id="fd3a950e-2c03-41a4-8e68-6835893aded2" />
      <TestMethod codeBase="/mnt/c/pitbull/tests/Pitbull.Tests.Unit/bin/Debug/net9.0/Pitbull.Tests.Unit.dll" adapterTypeName="executor://xunit/VsTestRunner3/netcore/" className="Pitbull.Tests.Unit.Handlers.GetDashboardStatsHandlerTests" name="Handle_WhenDatabaseEmpty_ReturnsZeroStats" />
    </UnitTest>
    <UnitTest name="Pitbull.Tests.Unit.Handlers.CreateProjectHandlerTests.Handle_MinimalFields_CreatesProjectWithDefaults" storage="/mnt/c/pitbull/tests/pitbull.tests.unit/bin/debug/net9.0/pitbull.tests.unit.dll" id="eb85eb26-1b8a-e1f6-9a1a-160c337852ad">
      <Execution id="081dabbd-79e6-49c0-adc5-9ad7e3652652" />
      <TestMethod codeBase="/mnt/c/pitbull/tests/Pitbull.Tests.Unit/bin/Debug/net9.0/Pitbull.Tests.Unit.dll" adapterTypeName="executor://xunit/VsTestRunner3/netcore/" className="Pitbull.Tests.Unit.Handlers.CreateProjectHandlerTests" name="Handle_MinimalFields_CreatesProjectWithDefaults" />
    </UnitTest>
    <UnitTest name="Pitbull.Tests.Unit.Handlers.ListBidsHandlerTests.Handle_PaginatesCorrectly" storage="/mnt/c/pitbull/tests/pitbull.tests.unit/bin/debug/net9.0/pitbull.tests.unit.dll" id="a823af87-f31f-d994-5f93-194cf6dc7126">
      <Execution id="f0d1726d-d90b-49b7-8b30-f8a0f5e3780b" />
      <TestMethod codeBase="/mnt/c/pitbull/tests/Pitbull.Tests.Unit/bin/Debug/net9.0/Pitbull.Tests.Unit.dll" adapterTypeName="executor://xunit/VsTestRunner3/netcore/" className="Pitbull.Tests.Unit.Handlers.ListBidsHandlerTests" name="Handle_PaginatesCorrectly" />
    </UnitTest>
    <UnitTest name="Pitbull.Tests.Unit.Architecture.ArchitectureTests.Controllers_ShouldAll_HaveAuthorizeAttribute" storage="/mnt/c/pitbull/tests/pitbull.tests.unit/bin/debug/net9.0/pitbull.tests.unit.dll" id="ac3da566-96a7-55f9-2df4-ec2c592ec752">
      <Execution id="013f5767-29e3-4a2f-9c12-7919a9f078bb" />
      <TestMethod codeBase="/mnt/c/pitbull/tests/Pitbull.Tests.Unit/bin/Debug/net9.0/Pitbull.Tests.Unit.dll" adapterTypeName="executor://xunit/VsTestRunner3/netcore/" className="Pitbull.Tests.Unit.Architecture.ArchitectureTests" name="Controllers_ShouldAll_HaveAuthorizeAttribute" />
    </UnitTest>
    <UnitTest name="Pitbull.Tests.Unit.Handlers.ListProjectsHandlerTests.Handle_PaginatesCorrectly_Page2" storage="/mnt/c/pitbull/tests/pitbull.tests.unit/bin/debug/net9.0/pitbull.tests.unit.dll" id="e8b54f4b-b9a0-3a18-4793-935d03be5a62">
      <Execution id="7f64ec6d-42d9-40b0-ab42-3fb41775d4a1" />
      <TestMethod codeBase="/mnt/c/pitbull/tests/Pitbull.Tests.Unit/bin/Debug/net9.0/Pitbull.Tests.Unit.dll" adapterTypeName="executor://xunit/VsTestRunner3/netcore/" className="Pitbull.Tests.Unit.Handlers.ListProjectsHandlerTests" name="Handle_PaginatesCorrectly_Page2" />
    </UnitTest>
    <UnitTest name="Pitbull.Tests.Unit.Handlers.ConvertBidToProjectHandlerTests.Handle_AlreadyConvertedBid_ReturnsAlreadyConvertedFailure" storage="/mnt/c/pitbull/tests/pitbull.tests.unit/bin/debug/net9.0/pitbull.tests.unit.dll" id="5e1a960b-b9d6-00f7-3d20-bc744f918aaf">
      <Execution id="356d23db-bd25-4467-88e9-8556688b971d" />
      <TestMethod codeBase="/mnt/c/pitbull/tests/Pitbull.Tests.Unit/bin/Debug/net9.0/Pitbull.Tests.Unit.dll" adapterTypeName="executor://xunit/VsTestRunner3/netcore/" className="Pitbull.Tests.Unit.Handlers.ConvertBidToProjectHandlerTests" name="Handle_AlreadyConvertedBid_ReturnsAlreadyConvertedFailure" />
    </UnitTest>
    <UnitTest name="Pitbull.Tests.Unit.Architecture.ArchitectureTests.Commands_ShouldNot_Contain_DangerousProperties" storage="/mnt/c/pitbull/tests/pitbull.tests.unit/bin/debug/net9.0/pitbull.tests.unit.dll" id="7bd6fc9f-bbce-6594-cc88-3077e4588503">
      <Execution id="ee8b2961-5ed9-4223-abda-2d58288625d3" />
      <TestMethod codeBase="/mnt/c/pitbull/tests/Pitbull.Tests.Unit/bin/Debug/net9.0/Pitbull.Tests.Unit.dll" adapterTypeName="executor://xunit/VsTestRunner3/netcore/" className="Pitbull.Tests.Unit.Architecture.ArchitectureTests" name="Commands_ShouldNot_Contain_DangerousProperties" />
    </UnitTest>
    <UnitTest name="Pitbull.Tests.Unit.Handlers.ListProjectsHandlerTests.Handle_OrdersByCreatedAtDescending" storage="/mnt/c/pitbull/tests/pitbull.tests.unit/bin/debug/net9.0/pitbull.tests.unit.dll" id="c4889b7d-5b15-267b-b21a-ae4f28e08849">
      <Execution id="7de80b96-6855-42b7-b67c-ce500f8ca386" />
      <TestMethod codeBase="/mnt/c/pitbull/tests/Pitbull.Tests.Unit/bin/Debug/net9.0/Pitbull.Tests.Unit.dll" adapterTypeName="executor://xunit/VsTestRunner3/netcore/" className="Pitbull.Tests.Unit.Handlers.ListProjectsHandlerTests" name="Handle_OrdersByCreatedAtDescending" />
    </UnitTest>
    <UnitTest name="Pitbull.Tests.Unit.Handlers.ListProjectsHandlerTests.Handle_FilterByType_ReturnsOnlyMatchingProjects" storage="/mnt/c/pitbull/tests/pitbull.tests.unit/bin/debug/net9.0/pitbull.tests.unit.dll" id="080299ab-2a44-d71c-11ce-90e4cf1b0c8f">
      <Execution id="8485461c-7cc9-4501-82c4-3624e85c3a99" />
      <TestMethod codeBase="/mnt/c/pitbull/tests/Pitbull.Tests.Unit/bin/Debug/net9.0/Pitbull.Tests.Unit.dll" adapterTypeName="executor://xunit/VsTestRunner3/netcore/" className="Pitbull.Tests.Unit.Handlers.ListProjectsHandlerTests" name="Handle_FilterByType_ReturnsOnlyMatchingProjects" />
    </UnitTest>
    <UnitTest name="Pitbull.Tests.Unit.Handlers.ConvertBidToProjectHandlerTests.Handle_SubmittedBid_ReturnsInvalidStatusFailure" storage="/mnt/c/pitbull/tests/pitbull.tests.unit/bin/debug/net9.0/pitbull.tests.unit.dll" id="49deaf36-3632-930a-3fb3-9d0f6191d45a">
      <Execution id="0478f3d7-7e3e-495a-8389-0d58ab7c9aca" />
      <TestMethod codeBase="/mnt/c/pitbull/tests/Pitbull.Tests.Unit/bin/Debug/net9.0/Pitbull.Tests.Unit.dll" adapterTypeName="executor://xunit/VsTestRunner3/netcore/" className="Pitbull.Tests.Unit.Handlers.ConvertBidToProjectHandlerTests" name="Handle_SubmittedBid_ReturnsInvalidStatusFailure" />
    </UnitTest>
    <UnitTest name="Pitbull.Tests.Unit.Handlers.ConvertBidToProjectHandlerTests.Handle_BidNotFound_ReturnsNotFoundFailure" storage="/mnt/c/pitbull/tests/pitbull.tests.unit/bin/debug/net9.0/pitbull.tests.unit.dll" id="aa2ad8c3-a095-708b-00e1-b90f5ae90100">
      <Execution id="81083d15-3e9e-48c0-b5db-bcef54d984b6" />
      <TestMethod codeBase="/mnt/c/pitbull/tests/Pitbull.Tests.Unit/bin/Debug/net9.0/Pitbull.Tests.Unit.dll" adapterTypeName="executor://xunit/VsTestRunner3/netcore/" className="Pitbull.Tests.Unit.Handlers.ConvertBidToProjectHandlerTests" name="Handle_BidNotFound_ReturnsNotFoundFailure" />
    </UnitTest>
    <UnitTest name="Pitbull.Tests.Unit.UnitTest1.Test1" storage="/mnt/c/pitbull/tests/pitbull.tests.unit/bin/debug/net9.0/pitbull.tests.unit.dll" id="b5ce6be3-d6fd-7f1c-03e9-fed1e3171c31">
      <Execution id="e35a6c51-60c3-4de6-ad3d-76a1722ae605" />
      <TestMethod codeBase="/mnt/c/pitbull/tests/Pitbull.Tests.Unit/bin/Debug/net9.0/Pitbull.Tests.Unit.dll" adapterTypeName="executor://xunit/VsTestRunner3/netcore/" className="Pitbull.Tests.Unit.UnitTest1" name="Test1" />
    </UnitTest>
    <UnitTest name="Pitbull.Tests.Unit.Architecture.ArchitectureTests.Handlers_Should_HaveCorrectNaming" storage="/mnt/c/pitbull/tests/pitbull.tests.unit/bin/debug/net9.0/pitbull.tests.unit.dll" id="3b5c5dfc-1137-f4a0-e4ec-fa78f26fa34d">
      <Execution id="bcfd5c0f-61dd-4150-969e-7cb295df5633" />
      <TestMethod codeBase="/mnt/c/pitbull/tests/Pitbull.Tests.Unit/bin/Debug/net9.0/Pitbull.Tests.Unit.dll" adapterTypeName="executor://xunit/VsTestRunner3/netcore/" className="Pitbull.Tests.Unit.Architecture.ArchitectureTests" name="Handlers_Should_HaveCorrectNaming" />
    </UnitTest>
    <UnitTest name="Pitbull.Tests.Unit.Handlers.CreateProjectHandlerTests.Handle_SetsTenantIdFromContext" storage="/mnt/c/pitbull/tests/pitbull.tests.unit/bin/debug/net9.0/pitbull.tests.unit.dll" id="3c6d4445-e2b2-00ec-b353-a4d6745c0a22">
      <Execution id="a56573af-1c66-4507-97ad-f3bf7e0dc721" />
      <TestMethod codeBase="/mnt/c/pitbull/tests/Pitbull.Tests.Unit/bin/Debug/net9.0/Pitbull.Tests.Unit.dll" adapterTypeName="executor://xunit/VsTestRunner3/netcore/" className="Pitbull.Tests.Unit.Handlers.CreateProjectHandlerTests" name="Handle_SetsTenantIdFromContext" />
    </UnitTest>
    <UnitTest name="Pitbull.Tests.Unit.Handlers.ConvertBidToProjectHandlerTests.Handle_WonBid_LinksBidToProject" storage="/mnt/c/pitbull/tests/pitbull.tests.unit/bin/debug/net9.0/pitbull.tests.unit.dll" id="c382fe6a-6b11-feeb-e886-16eaf0a76e86">
      <Execution id="0ce7967e-6618-4a2d-b540-117407982b66" />
      <TestMethod codeBase="/mnt/c/pitbull/tests/Pitbull.Tests.Unit/bin/Debug/net9.0/Pitbull.Tests.Unit.dll" adapterTypeName="executor://xunit/VsTestRunner3/netcore/" className="Pitbull.Tests.Unit.Handlers.ConvertBidToProjectHandlerTests" name="Handle_WonBid_LinksBidToProject" />
    </UnitTest>
  </TestDefinitions>
  <TestEntries>
    <TestEntry testId="db1d5202-477d-a697-aefa-ef824d9f0f15" executionId="7f7fee10-33f0-4938-afdc-b1e54f1446f4" testListId="8c84fa94-04c1-424b-9868-57a2d4851a1d" />
    <TestEntry testId="96be81cf-791b-b6f3-1d0e-bccdcb1870bb" executionId="be21ed96-b1f1-4260-badd-afbb0e7d9121" testListId="8c84fa94-04c1-424b-9868-57a2d4851a1d" />
    <TestEntry testId="99a566f7-0777-9506-82f0-b87f68c1d080" executionId="189896e6-bbe7-42e3-86ae-92819debca4a" testListId="8c84fa94-04c1-424b-9868-57a2d4851a1d" />
    <TestEntry testId="caab68ff-9e1d-336d-eb8d-cd452683f25b" executionId="db75b621-85cf-4f0c-8ac1-e468d2c679b9" testListId="8c84fa94-04c1-424b-9868-57a2d4851a1d" />
    <TestEntry testId="49deaf36-3632-930a-3fb3-9d0f6191d45a" executionId="0478f3d7-7e3e-495a-8389-0d58ab7c9aca" testListId="8c84fa94-04c1-424b-9868-57a2d4851a1d" />
    <TestEntry testId="fea9e6f9-239d-915e-8014-397c7b3eb8fd" executionId="ea693c18-223d-4dbe-830f-1d930dd8a472" testListId="8c84fa94-04c1-424b-9868-57a2d4851a1d" />
    <TestEntry testId="d6900adc-9454-a201-14cc-3fdc36a6fb9e" executionId="e153a2b4-160b-4225-a51f-c4bfa385efdb" testListId="8c84fa94-04c1-424b-9868-57a2d4851a1d" />
    <TestEntry testId="bae82be9-17c8-793e-6ed9-2e80c8c2635a" executionId="17d02587-eecf-467e-905a-5ab85a48f642" testListId="8c84fa94-04c1-424b-9868-57a2d4851a1d" />
    <TestEntry testId="7bd6fc9f-bbce-6594-cc88-3077e4588503" executionId="ee8b2961-5ed9-4223-abda-2d58288625d3" testListId="8c84fa94-04c1-424b-9868-57a2d4851a1d" />
    <TestEntry testId="72a24cd9-595d-5cb7-ae9d-f1203e5168b4" executionId="7e33a59d-72af-4f10-aa82-31bde1eb6590" testListId="8c84fa94-04c1-424b-9868-57a2d4851a1d" />
    <TestEntry testId="64974422-35b0-0661-a190-bf956cdbc5f8" executionId="af18425d-e05f-4297-8267-dd1f8051e0d3" testListId="8c84fa94-04c1-424b-9868-57a2d4851a1d" />
    <TestEntry testId="31507441-aa41-4131-7cb6-19d37af78c48" executionId="1a158752-1a2c-4c27-ae96-28a918faf266" testListId="8c84fa94-04c1-424b-9868-57a2d4851a1d" />
    <TestEntry testId="1180872c-e6d0-54c7-7065-7d78399798c4" executionId="5b913b1c-d825-439f-97f3-7b5085c0c0fb" testListId="8c84fa94-04c1-424b-9868-57a2d4851a1d" />
    <TestEntry testId="ac3da566-96a7-55f9-2df4-ec2c592ec752" executionId="013f5767-29e3-4a2f-9c12-7919a9f078bb" testListId="8c84fa94-04c1-424b-9868-57a2d4851a1d" />
    <TestEntry testId="a552f606-ea0c-3079-6f66-a516f8259ab3" executionId="3b7126fd-2bf0-4579-bbe4-31c0dfa8dd0b" testListId="8c84fa94-04c1-424b-9868-57a2d4851a1d" />
    <TestEntry testId="b5ce6be3-d6fd-7f1c-03e9-fed1e3171c31" executionId="e35a6c51-60c3-4de6-ad3d-76a1722ae605" testListId="8c84fa94-04c1-424b-9868-57a2d4851a1d" />
    <TestEntry testId="0638b2f3-76c8-4084-c7ed-4889fefbe093" executionId="040609d5-17df-4312-ad10-e5cc86bb7c4f" testListId="8c84fa94-04c1-424b-9868-57a2d4851a1d" />
    <TestEntry testId="c4889b7d-5b15-267b-b21a-ae4f28e08849" executionId="7de80b96-6855-42b7-b67c-ce500f8ca386" testListId="8c84fa94-04c1-424b-9868-57a2d4851a1d" />
    <TestEntry testId="27e725e5-e416-01e0-c3ca-a1c0168866f1" executionId="1cbfd2ca-9f25-4cec-9c5b-b2d034aae11d" testListId="8c84fa94-04c1-424b-9868-57a2d4851a1d" />
    <TestEntry testId="c824d590-37eb-df17-28a5-ef29fd5370ea" executionId="2e6aa054-be6d-4156-8a84-56280170e161" testListId="8c84fa94-04c1-424b-9868-57a2d4851a1d" />
    <TestEntry testId="8ca64358-5109-906f-4017-83303a4b60dd" executionId="685bd6fc-ae39-4478-aed2-2e89bcaf5626" testListId="8c84fa94-04c1-424b-9868-57a2d4851a1d" />
    <TestEntry testId="aa2ad8c3-a095-708b-00e1-b90f5ae90100" executionId="81083d15-3e9e-48c0-b5db-bcef54d984b6" testListId="8c84fa94-04c1-424b-9868-57a2d4851a1d" />
    <TestEntry testId="e6b99661-b5af-e771-ab66-e011de7904d7" executionId="a0aa5971-5a83-42a3-b4ca-e7e99de1ca8b" testListId="8c84fa94-04c1-424b-9868-57a2d4851a1d" />
    <TestEntry testId="e21af355-7dc2-39fd-019c-552b4197f241" executionId="198cd55a-e9e2-4fc8-9c22-7fbec0b3ff74" testListId="8c84fa94-04c1-424b-9868-57a2d4851a1d" />
    <TestEntry testId="e8b54f4b-b9a0-3a18-4793-935d03be5a62" executionId="7f64ec6d-42d9-40b0-ab42-3fb41775d4a1" testListId="8c84fa94-04c1-424b-9868-57a2d4851a1d" />
    <TestEntry testId="eecee652-9f05-113d-8310-07b2d772de3a" executionId="94427cf5-88ac-4117-999c-ca22e6c8febd" testListId="8c84fa94-04c1-424b-9868-57a2d4851a1d" />
    <TestEntry testId="1a623e1f-bd21-40bc-f305-ea24cb2e549c" executionId="83259425-3ee4-4660-9e46-96046d956008" testListId="8c84fa94-04c1-424b-9868-57a2d4851a1d" />
    <TestEntry testId="5e1a960b-b9d6-00f7-3d20-bc744f918aaf" executionId="356d23db-bd25-4467-88e9-8556688b971d" testListId="8c84fa94-04c1-424b-9868-57a2d4851a1d" />
    <TestEntry testId="9af72fa3-932a-972c-50eb-545a73b9b584" executionId="7a56b25a-5556-4409-8d77-ff15320a65cd" testListId="8c84fa94-04c1-424b-9868-57a2d4851a1d" />
    <TestEntry testId="d615631a-4420-a20e-40f4-1272555711ec" executionId="8f290e52-b2ca-42c6-9d7e-9cc4b280f584" testListId="8c84fa94-04c1-424b-9868-57a2d4851a1d" />
    <TestEntry testId="c382fe6a-6b11-feeb-e886-16eaf0a76e86" executionId="0ce7967e-6618-4a2d-b540-117407982b66" testListId="8c84fa94-04c1-424b-9868-57a2d4851a1d" />
    <TestEntry testId="faf51d86-34ab-f464-265c-14d8cd8919e9" executionId="97cc42bd-e184-4aa6-9908-b948eec16a22" testListId="8c84fa94-04c1-424b-9868-57a2d4851a1d" />
    <TestEntry testId="9a7bacc8-7f79-6fa6-b7f2-aa0972a1c6e6" executionId="7899288e-9c00-4083-9342-60a281e57f91" testListId="8c84fa94-04c1-424b-9868-57a2d4851a1d" />
    <TestEntry testId="0e74066a-b311-a5e8-b5f7-e0e2bf7a6350" executionId="ecac5385-94e9-44fe-8cc5-c708c96f760e" testListId="8c84fa94-04c1-424b-9868-57a2d4851a1d" />
    <TestEntry testId="080299ab-2a44-d71c-11ce-90e4cf1b0c8f" executionId="8485461c-7cc9-4501-82c4-3624e85c3a99" testListId="8c84fa94-04c1-424b-9868-57a2d4851a1d" />
    <TestEntry testId="62c00aec-8062-921d-ddeb-d2683765deb1" executionId="696cab24-9c4e-4e76-b62c-42e992599420" testListId="8c84fa94-04c1-424b-9868-57a2d4851a1d" />
    <TestEntry testId="eb85eb26-1b8a-e1f6-9a1a-160c337852ad" executionId="081dabbd-79e6-49c0-adc5-9ad7e3652652" testListId="8c84fa94-04c1-424b-9868-57a2d4851a1d" />
    <TestEntry testId="12215545-0ec1-307b-0460-d087ce04c85c" executionId="db399724-19c1-49ff-bd39-764977741110" testListId="8c84fa94-04c1-424b-9868-57a2d4851a1d" />
    <TestEntry testId="63b3299d-71a0-8b03-caae-69eb2351338b" executionId="cf9d9c7f-738c-4828-8001-ace9d53aed09" testListId="8c84fa94-04c1-424b-9868-57a2d4851a1d" />
    <TestEntry testId="d41ca62e-228b-dd49-1ae7-f0e4f1b65c35" executionId="15377ac6-a22b-45f2-8218-3cb8fe0e5e2a" testListId="8c84fa94-04c1-424b-9868-57a2d4851a1d" />
    <TestEntry testId="ad0c1de9-a401-4622-2fce-3c2331618831" executionId="fd3a950e-2c03-41a4-8e68-6835893aded2" testListId="8c84fa94-04c1-424b-9868-57a2d4851a1d" />
    <TestEntry testId="3b5c5dfc-1137-f4a0-e4ec-fa78f26fa34d" executionId="bcfd5c0f-61dd-4150-969e-7cb295df5633" testListId="8c84fa94-04c1-424b-9868-57a2d4851a1d" />
    <TestEntry testId="dd086668-535e-ef5c-6524-13d318bc6912" executionId="a120a57e-324a-4ea3-a9cb-9879ecc2ba64" testListId="8c84fa94-04c1-424b-9868-57a2d4851a1d" />
    <TestEntry testId="a823af87-f31f-d994-5f93-194cf6dc7126" executionId="f0d1726d-d90b-49b7-8b30-f8a0f5e3780b" testListId="8c84fa94-04c1-424b-9868-57a2d4851a1d" />
    <TestEntry testId="7118801f-a1ff-a436-1fe3-d625fa4e1e58" executionId="f93e9b4a-f3e6-435c-865b-39385d1b8b5d" testListId="8c84fa94-04c1-424b-9868-57a2d4851a1d" />
    <TestEntry testId="6e2de6fb-f8b0-59ce-085d-00e819c07ca1" executionId="ec904309-af13-4af1-9709-8c4b3a2f745f" testListId="8c84fa94-04c1-424b-9868-57a2d4851a1d" />
    <TestEntry testId="0151572a-1183-d80c-6e86-31a2b84dee49" executionId="3643224f-033e-4358-ad0a-cd68bedc849b" testListId="8c84fa94-04c1-424b-9868-57a2d4851a1d" />
    <TestEntry testId="e65a605b-d533-b79f-9139-98999492351b" executionId="c76cbb78-1fd1-4378-94bc-ed2ecd911201" testListId="8c84fa94-04c1-424b-9868-57a2d4851a1d" />
    <TestEntry testId="85a47c7f-7293-87dd-8d3b-5e9f664059b3" executionId="02362d25-b684-4852-a6cc-9eb269317463" testListId="8c84fa94-04c1-424b-9868-57a2d4851a1d" />
    <TestEntry testId="b982817c-44ea-a332-5404-fea803ab28ad" executionId="3e7a72f7-0d75-4f63-ab6e-29e520e53cb1" testListId="8c84fa94-04c1-424b-9868-57a2d4851a1d" />
    <TestEntry testId="76d29a4b-22b0-de4f-5cff-a777a9cb0a12" executionId="48a62acc-e65f-4317-a258-2772710fc566" testListId="8c84fa94-04c1-424b-9868-57a2d4851a1d" />
    <TestEntry testId="88f6fa1c-3eb8-c7bc-20cc-9b8e9befe59d" executionId="3f96ddc7-6c8e-407b-b72b-e4ec12d31da8" testListId="8c84fa94-04c1-424b-9868-57a2d4851a1d" />
    <TestEntry testId="aba1dd8d-683b-ce54-3521-55fb90fb59e0" executionId="2a429f59-6b47-4eaa-a57f-8257bb4434a5" testListId="8c84fa94-04c1-424b-9868-57a2d4851a1d" />
    <TestEntry testId="3c6d4445-e2b2-00ec-b353-a4d6745c0a22" executionId="a56573af-1c66-4507-97ad-f3bf7e0dc721" testListId="8c84fa94-04c1-424b-9868-57a2d4851a1d" />
    <TestEntry testId="17076f80-6c12-0451-5a82-200986708319" executionId="36bfc85e-4a53-4f3e-a327-30608353a549" testListId="8c84fa94-04c1-424b-9868-57a2d4851a1d" />
    <TestEntry testId="04efe5f9-c256-1228-18d7-54b575361b9b" executionId="bdcaee6f-4c5e-4f6c-8b02-9ec21812f6dc" testListId="8c84fa94-04c1-424b-9868-57a2d4851a1d" />
    <TestEntry testId="775671c0-a4f5-74de-d6bd-e92c1dc3da09" executionId="32ca31f6-5db1-4045-b247-0e4832f8af9f" testListId="8c84fa94-04c1-424b-9868-57a2d4851a1d" />
    <TestEntry testId="8226ab5a-1c71-f8f8-0d4e-ea523980847f" executionId="b8e86560-8522-4d8a-b866-9e7f7e082f86" testListId="8c84fa94-04c1-424b-9868-57a2d4851a1d" />
    <TestEntry testId="01914c51-8376-7d92-a48c-ef739d76ddf3" executionId="7665dd9a-bef2-4640-89cf-5b25360e0954" testListId="8c84fa94-04c1-424b-9868-57a2d4851a1d" />
    <TestEntry testId="300c05d4-c6b6-d6da-c7d8-ff47b24b9c2c" executionId="2cb4bce8-d28a-4ad7-a173-42b75a4be4df" testListId="8c84fa94-04c1-424b-9868-57a2d4851a1d" />
  </TestEntries>
  <TestLists>
    <TestList name="Results Not in a List" id="8c84fa94-04c1-424b-9868-57a2d4851a1d" />
    <TestList name="All Loaded Results" id="19431567-8539-422a-85d7-44ee4e166bda" />
  </TestLists>
  <ResultSummary outcome="Completed">
    <Counters total="60" executed="60" passed="60" failed="0" error="0" timeout="0" aborted="0" inconclusive="0" passedButRunAborted="0" notRunnable="0" notExecuted="0" disconnected="0" warning="0" completed="0" inProgress="0" pending="0" />
    <Output>
      <StdOut>[xUnit.net 00:00:00.00] xUnit.net VSTest Adapter v3.1.5+1b188a7b0a (64-bit .NET 9.0.4)
[xUnit.net 00:00:00.06]   Discovering: Pitbull.Tests.Unit
[xUnit.net 00:00:00.09]   Discovered:  Pitbull.Tests.Unit
[xUnit.net 00:00:00.10]   Starting:    Pitbull.Tests.Unit
[xUnit.net 00:00:01.35]   Finished:    Pitbull.Tests.Unit
</StdOut>
    </Output>
  </ResultSummary>
</TestRun>